*** Using Compiler 'V6.22', folder: 'C:\Users\87407\AppData\Local\Keil_v5\ARM\ARMCLANG\Bin'
Rebuild target 'DPO_KEIL'
compiling ws2812.c...
compiling mpu6050.c...
compiling stm32g4xx_hal_pcd.c...
compiling fonts.c...
compiling Views.c...
compiling aht20.c...
compiling stm32g4xx_it.c...
assembling startup_stm32g474xx.s...
compiling TLC5952.c...
compiling stm32g4xx_ll_usb.c...
compiling ft6336.c...
compiling MyLib.c...
compiling stm32g4xx_hal_pcd_ex.c...
compiling stm32g4xx_hal_msp.c...
compiling main.c...
compiling stm32g4xx_hal.c...
compiling stm32g4xx_hal_rcc.c...
compiling st7789.c...
compiling stm32g4xx_hal_gpio.c...
compiling stm32g4xx_hal_flash.c...
compiling stm32g4xx_hal_dma_ex.c...
compiling stm32g4xx_ll_adc.c...
compiling stm32g4xx_hal_rcc_ex.c...
compiling stm32g4xx_hal_flash_ramfunc.c...
compiling stm32g4xx_hal_dma.c...
compiling stm32g4xx_hal_cortex.c...
compiling stm32g4xx_hal_exti.c...
compiling stm32g4xx_hal_pwr.c...
compiling stm32g4xx_hal_flash_ex.c...
compiling stm32g4xx_hal_pwr_ex.c...
compiling stm32g4xx_hal_adc_ex.c...
compiling stm32g4xx_hal_i2c_ex.c...
compiling stm32g4xx_hal_adc.c...
compiling stm32g4xx_hal_uart_ex.c...
compiling stm32g4xx_hal_spi.c...
compiling stm32g4xx_hal_hrtim.c...
compiling usbd_desc.c...
compiling stm32g4xx_hal_spi_ex.c...
compiling usbd_cdc_if.c...
compiling system_stm32g4xx.c...
compiling usb_device.c...
compiling usbd_conf.c...
compiling stm32g4xx_hal_tim_ex.c...
compiling usbd_ctlreq.c...
compiling usbd_ioreq.c...
compiling usbd_core.c...
compiling stm32g4xx_hal_i2c.c...
compiling stm32g4xx_hal_uart.c...
compiling stm32g4xx_hal_tim.c...
compiling usbd_cdc.c...
linking...
Program Size: Code=53064 RO-data=52624 RW-data=1052 ZI-data=46780  
FromELF: creating hex file...
"DPO_KEIL\DPO_KEIL.axf" - 0 Error(s), 0 Warning(s).
Build Time Elapsed:  00:00:10
