Component: Arm Compiler for Embedded 6.22 Tool: armlink [5ee90200]

==============================================================================

Section Cross References

    startup_stm32g474xx.o(STACK) refers (Special) to heapauxi.o(.text) for __use_two_region_memory
    startup_stm32g474xx.o(HEAP) refers (Special) to heapauxi.o(.text) for __use_two_region_memory
    startup_stm32g474xx.o(RESET) refers (Special) to heapauxi.o(.text) for __use_two_region_memory
    startup_stm32g474xx.o(RESET) refers to startup_stm32g474xx.o(STACK) for __initial_sp
    startup_stm32g474xx.o(RESET) refers to startup_stm32g474xx.o(.text) for Reset_Handler
    startup_stm32g474xx.o(RESET) refers to stm32g4xx_it.o(.text.NMI_Handler) for NMI_Handler
    startup_stm32g474xx.o(RESET) refers to stm32g4xx_it.o(.text.HardFault_Handler) for HardFault_Handler
    startup_stm32g474xx.o(RESET) refers to stm32g4xx_it.o(.text.MemManage_Handler) for MemManage_Handler
    startup_stm32g474xx.o(RESET) refers to stm32g4xx_it.o(.text.BusFault_Handler) for BusFault_Handler
    startup_stm32g474xx.o(RESET) refers to stm32g4xx_it.o(.text.UsageFault_Handler) for UsageFault_Handler
    startup_stm32g474xx.o(RESET) refers to stm32g4xx_it.o(.text.SVC_Handler) for SVC_Handler
    startup_stm32g474xx.o(RESET) refers to stm32g4xx_it.o(.text.DebugMon_Handler) for DebugMon_Handler
    startup_stm32g474xx.o(RESET) refers to stm32g4xx_it.o(.text.PendSV_Handler) for PendSV_Handler
    startup_stm32g474xx.o(RESET) refers to stm32g4xx_it.o(.text.SysTick_Handler) for SysTick_Handler
    startup_stm32g474xx.o(RESET) refers to stm32g4xx_it.o(.text.DMA1_Channel1_IRQHandler) for DMA1_Channel1_IRQHandler
    startup_stm32g474xx.o(RESET) refers to stm32g4xx_it.o(.text.DMA1_Channel2_IRQHandler) for DMA1_Channel2_IRQHandler
    startup_stm32g474xx.o(RESET) refers to stm32g4xx_it.o(.text.DMA1_Channel3_IRQHandler) for DMA1_Channel3_IRQHandler
    startup_stm32g474xx.o(RESET) refers to stm32g4xx_it.o(.text.DMA1_Channel4_IRQHandler) for DMA1_Channel4_IRQHandler
    startup_stm32g474xx.o(RESET) refers to stm32g4xx_it.o(.text.DMA1_Channel5_IRQHandler) for DMA1_Channel5_IRQHandler
    startup_stm32g474xx.o(RESET) refers to stm32g4xx_it.o(.text.DMA1_Channel6_IRQHandler) for DMA1_Channel6_IRQHandler
    startup_stm32g474xx.o(RESET) refers to stm32g4xx_it.o(.text.DMA1_Channel7_IRQHandler) for DMA1_Channel7_IRQHandler
    startup_stm32g474xx.o(RESET) refers to stm32g4xx_it.o(.text.USB_LP_IRQHandler) for USB_LP_IRQHandler
    startup_stm32g474xx.o(RESET) refers to stm32g4xx_it.o(.text.USART1_IRQHandler) for USART1_IRQHandler
    startup_stm32g474xx.o(RESET) refers to stm32g4xx_it.o(.text.LPUART1_IRQHandler) for LPUART1_IRQHandler
    startup_stm32g474xx.o(RESET) refers to stm32g4xx_it.o(.text.DMA1_Channel8_IRQHandler) for DMA1_Channel8_IRQHandler
    startup_stm32g474xx.o(.text) refers (Special) to heapauxi.o(.text) for __use_two_region_memory
    startup_stm32g474xx.o(.text) refers to system_stm32g4xx.o(.text.SystemInit) for SystemInit
    startup_stm32g474xx.o(.text) refers to __main.o(!!!main) for __main
    startup_stm32g474xx.o(.text) refers to startup_stm32g474xx.o(HEAP) for Heap_Mem
    startup_stm32g474xx.o(.text) refers to startup_stm32g474xx.o(STACK) for Stack_Mem
    fonts.o(.data.Font_7x10) refers to fonts.o(.rodata.Font7x10) for [Anonymous Symbol]
    fonts.o(.data.Font_11x18) refers to fonts.o(.rodata.Font11x18) for [Anonymous Symbol]
    fonts.o(.data.Font_16x26) refers to fonts.o(.rodata.Font16x26) for [Anonymous Symbol]
    fonts.o(.data.Han_Array32) refers to fonts.o(.rodata.HanArray32) for [Anonymous Symbol]
    ft6336.o(.text.FT6336_WriteRegister) refers to main.o(.bss.hi2c3) for hi2c3
    ft6336.o(.text.FT6336_WriteRegister) refers to stm32g4xx_hal_i2c.o(.text.HAL_I2C_Mem_Write) for HAL_I2C_Mem_Write
    ft6336.o(.ARM.exidx.text.FT6336_WriteRegister) refers to ft6336.o(.text.FT6336_WriteRegister) for [Anonymous Symbol]
    ft6336.o(.text.FT6336_ReadRegister) refers to main.o(.bss.hi2c3) for hi2c3
    ft6336.o(.text.FT6336_ReadRegister) refers to stm32g4xx_hal_i2c.o(.text.HAL_I2C_Mem_Read) for HAL_I2C_Mem_Read
    ft6336.o(.ARM.exidx.text.FT6336_ReadRegister) refers to ft6336.o(.text.FT6336_ReadRegister) for [Anonymous Symbol]
    ft6336.o(.text.FT6336_Init) refers to stm32g4xx_hal_gpio.o(.text.HAL_GPIO_WritePin) for HAL_GPIO_WritePin
    ft6336.o(.text.FT6336_Init) refers to stm32g4xx_hal.o(.text.HAL_Delay) for HAL_Delay
    ft6336.o(.text.FT6336_Init) refers to main.o(.bss.hi2c3) for hi2c3
    ft6336.o(.text.FT6336_Init) refers to stm32g4xx_hal_i2c.o(.text.HAL_I2C_Mem_Read) for HAL_I2C_Mem_Read
    ft6336.o(.ARM.exidx.text.FT6336_Init) refers to ft6336.o(.text.FT6336_Init) for [Anonymous Symbol]
    ft6336.o(.text.FT6336_GetTouchPoint) refers to main.o(.bss.hi2c3) for hi2c3
    ft6336.o(.text.FT6336_GetTouchPoint) refers to stm32g4xx_hal_i2c.o(.text.HAL_I2C_Mem_Read) for HAL_I2C_Mem_Read
[...]
    COMP4_5_6_IRQHandler                     0x080002ff   Thumb Code     0  startup_stm32g474xx.o(.text)
    COMP7_IRQHandler                         0x080002ff   Thumb Code     0  startup_stm32g474xx.o(.text)
    CORDIC_IRQHandler                        0x080002ff   Thumb Code     0  startup_stm32g474xx.o(.text)
    CRS_IRQHandler                           0x080002ff   Thumb Code     0  startup_stm32g474xx.o(.text)
    DMA2_Channel1_IRQHandler                 0x080002ff   Thumb Code     0  startup_stm32g474xx.o(.text)
    DMA2_Channel2_IRQHandler                 0x080002ff   Thumb Code     0  startup_stm32g474xx.o(.text)
    DMA2_Channel3_IRQHandler                 0x080002ff   Thumb Code     0  startup_stm32g474xx.o(.text)
    DMA2_Channel4_IRQHandler                 0x080002ff   Thumb Code     0  startup_stm32g474xx.o(.text)
    DMA2_Channel5_IRQHandler                 0x080002ff   Thumb Code     0  startup_stm32g474xx.o(.text)
    DMA2_Channel6_IRQHandler                 0x080002ff   Thumb Code     0  startup_stm32g474xx.o(.text)
    DMA2_Channel7_IRQHandler                 0x080002ff   Thumb Code     0  startup_stm32g474xx.o(.text)
    DMA2_Channel8_IRQHandler                 0x080002ff   Thumb Code     0  startup_stm32g474xx.o(.text)
    DMAMUX_OVR_IRQHandler                    0x080002ff   Thumb Code     0  startup_stm32g474xx.o(.text)
    EXTI0_IRQHandler                         0x080002ff   Thumb Code     0  startup_stm32g474xx.o(.text)
    EXTI15_10_IRQHandler                     0x080002ff   Thumb Code     0  startup_stm32g474xx.o(.text)
    EXTI1_IRQHandler                         0x080002ff   Thumb Code     0  startup_stm32g474xx.o(.text)
    EXTI2_IRQHandler                         0x080002ff   Thumb Code     0  startup_stm32g474xx.o(.text)
    EXTI3_IRQHandler                         0x080002ff   Thumb Code     0  startup_stm32g474xx.o(.text)
    EXTI4_IRQHandler                         0x080002ff   Thumb Code     0  startup_stm32g474xx.o(.text)
    EXTI9_5_IRQHandler                       0x080002ff   Thumb Code     0  startup_stm32g474xx.o(.text)
    FDCAN1_IT0_IRQHandler                    0x080002ff   Thumb Code     0  startup_stm32g474xx.o(.text)
    FDCAN1_IT1_IRQHandler                    0x080002ff   Thumb Code     0  startup_stm32g474xx.o(.text)
    FDCAN2_IT0_IRQHandler                    0x080002ff   Thumb Code     0  startup_stm32g474xx.o(.text)
    FDCAN2_IT1_IRQHandler                    0x080002ff   Thumb Code     0  startup_stm32g474xx.o(.text)
    FDCAN3_IT0_IRQHandler                    0x080002ff   Thumb Code     0  startup_stm32g474xx.o(.text)
    FDCAN3_IT1_IRQHandler                    0x080002ff   Thumb Code     0  startup_stm32g474xx.o(.text)
    FLASH_IRQHandler                         0x080002ff   Thumb Code     0  startup_stm32g474xx.o(.text)
    FMAC_IRQHandler                          0x080002ff   Thumb Code     0  startup_stm32g474xx.o(.text)
    FMC_IRQHandler                           0x080002ff   Thumb Code     0  startup_stm32g474xx.o(.text)
    FPU_IRQHandler                           0x080002ff   Thumb Code     0  startup_stm32g474xx.o(.text)
    HRTIM1_FLT_IRQHandler                    0x080002ff   Thumb Code     0  startup_stm32g474xx.o(.text)
    HRTIM1_Master_IRQHandler                 0x080002ff   Thumb Code     0  startup_stm32g474xx.o(.text)
    HRTIM1_TIMA_IRQHandler                   0x080002ff   Thumb Code     0  startup_stm32g474xx.o(.text)
    HRTIM1_TIMB_IRQHandler                   0x080002ff   Thumb Code     0  startup_stm32g474xx.o(.text)
    HRTIM1_TIMC_IRQHandler                   0x080002ff   Thumb Code     0  startup_stm32g474xx.o(.text)
    HRTIM1_TIMD_IRQHandler                   0x080002ff   Thumb Code     0  startup_stm32g474xx.o(.text)
    HRTIM1_TIME_IRQHandler                   0x080002ff   Thumb Code     0  startup_stm32g474xx.o(.text)
    HRTIM1_TIMF_IRQHandler                   0x080002ff   Thumb Code     0  startup_stm32g474xx.o(.text)
    I2C1_ER_IRQHandler                       0x080002ff   Thumb Code     0  startup_stm32g474xx.o(.text)
    I2C1_EV_IRQHandler                       0x080002ff   Thumb Code     0  startup_stm32g474xx.o(.text)
    I2C2_ER_IRQHandler                       0x080002ff   Thumb Code     0  startup_stm32g474xx.o(.text)
    I2C2_EV_IRQHandler                       0x080002ff   Thumb Code     0  startup_stm32g474xx.o(.text)
    I2C3_ER_IRQHandler                       0x080002ff   Thumb Code     0  startup_stm32g474xx.o(.text)
    I2C3_EV_IRQHandler                       0x080002ff   Thumb Code     0  startup_stm32g474xx.o(.text)
    I2C4_ER_IRQHandler                       0x080002ff   Thumb Code     0  startup_stm32g474xx.o(.text)
    I2C4_EV_IRQHandler                       0x080002ff   Thumb Code     0  startup_stm32g474xx.o(.text)
    LPTIM1_IRQHandler                        0x080002ff   Thumb Code     0  startup_stm32g474xx.o(.text)
    PVD_PVM_IRQHandler                       0x080002ff   Thumb Code     0  startup_stm32g474xx.o(.text)
    QUADSPI_IRQHandler                       0x080002ff   Thumb Code     0  startup_stm32g474xx.o(.text)
    RCC_IRQHandler                           0x080002ff   Thumb Code     0  startup_stm32g474xx.o(.text)
    RNG_IRQHandler                           0x080002ff   Thumb Code     0  startup_stm32g474xx.o(.text)
    RTC_Alarm_IRQHandler                     0x080002ff   Thumb Code     0  startup_stm32g474xx.o(.text)
    RTC_TAMP_LSECSS_IRQHandler               0x080002ff   Thumb Code     0  startup_stm32g474xx.o(.text)
    RTC_WKUP_IRQHandler                      0x080002ff   Thumb Code     0  startup_stm32g474xx.o(.text)
    SAI1_IRQHandler                          0x080002ff   Thumb Code     0  startup_stm32g474xx.o(.text)
    SPI1_IRQHandler                          0x080002ff   Thumb Code     0  startup_stm32g474xx.o(.text)
    SPI2_IRQHandler                          0x080002ff   Thumb Code     0  startup_stm32g474xx.o(.text)
    SPI3_IRQHandler                          0x080002ff   Thumb Code     0  startup_stm32g474xx.o(.text)
    SPI4_IRQHandler                          0x080002ff   Thumb Code     0  startup_stm32g474xx.o(.text)
    TIM1_BRK_TIM15_IRQHandler                0x080002ff   Thumb Code     0  startup_stm32g474xx.o(.text)
    TIM1_CC_IRQHandler                       0x080002ff   Thumb Code     0  startup_stm32g474xx.o(.text)
    TIM1_TRG_COM_TIM17_IRQHandler            0x080002ff   Thumb Code     0  startup_stm32g474xx.o(.text)
    TIM1_UP_TIM16_IRQHandler                 0x080002ff   Thumb Code     0  startup_stm32g474xx.o(.text)
    TIM20_BRK_IRQHandler                     0x080002ff   Thumb Code     0  startup_stm32g474xx.o(.text)
    TIM20_CC_IRQHandler                      0x080002ff   Thumb Code     0  startup_stm32g474xx.o(.text)
    TIM20_TRG_COM_IRQHandler                 0x080002ff   Thumb Code     0  startup_stm32g474xx.o(.text)
    TIM20_UP_IRQHandler                      0x080002ff   Thumb Code     0  startup_stm32g474xx.o(.text)
    TIM2_IRQHandler                          0x080002ff   Thumb Code     0  startup_stm32g474xx.o(.text)
    TIM3_IRQHandler                          0x080002ff   Thumb Code     0  startup_stm32g474xx.o(.text)
    TIM4_IRQHandler                          0x080002ff   Thumb Code     0  startup_stm32g474xx.o(.text)
    TIM5_IRQHandler                          0x080002ff   Thumb Code     0  startup_stm32g474xx.o(.text)
    TIM6_DAC_IRQHandler                      0x080002ff   Thumb Code     0  startup_stm32g474xx.o(.text)
    TIM7_DAC_IRQHandler                      0x080002ff   Thumb Code     0  startup_stm32g474xx.o(.text)
    TIM8_BRK_IRQHandler                      0x080002ff   Thumb Code     0  startup_stm32g474xx.o(.text)
    TIM8_CC_IRQHandler                       0x080002ff   Thumb Code     0  startup_stm32g474xx.o(.text)
    TIM8_TRG_COM_IRQHandler                  0x080002ff   Thumb Code     0  startup_stm32g474xx.o(.text)
    TIM8_UP_IRQHandler                       0x080002ff   Thumb Code     0  startup_stm32g474xx.o(.text)
    UART4_IRQHandler                         0x080002ff   Thumb Code     0  startup_stm32g474xx.o(.text)
    UART5_IRQHandler                         0x080002ff   Thumb Code     0  startup_stm32g474xx.o(.text)
    UCPD1_IRQHandler                         0x080002ff   Thumb Code     0  startup_stm32g474xx.o(.text)
    USART2_IRQHandler                        0x080002ff   Thumb Code     0  startup_stm32g474xx.o(.text)
    USART3_IRQHandler                        0x080002ff   Thumb Code     0  startup_stm32g474xx.o(.text)
    USBWakeUp_IRQHandler                     0x080002ff   Thumb Code     0  startup_stm32g474xx.o(.text)
    USB_HP_IRQHandler                        0x080002ff   Thumb Code     0  startup_stm32g474xx.o(.text)
    WWDG_IRQHandler                          0x080002ff   Thumb Code     0  startup_stm32g474xx.o(.text)
    __user_initial_stackheap                 0x08000301   Thumb Code     0  startup_stm32g474xx.o(.text)
    __aeabi_uldivmod                         0x08000325   Thumb Code     0  lludivv7m.o(.text)
    _ll_udiv                                 0x08000325   Thumb Code   240  lludivv7m.o(.text)
    __aeabi_memclr4                          0x08000415   Thumb Code     0  rt_memclr_w.o(.text)
    __aeabi_memclr8                          0x08000415   Thumb Code     0  rt_memclr_w.o(.text)
    __rt_memclr_w                            0x08000415   Thumb Code     0  rt_memclr_w.o(.text)
    _memset_w                                0x08000419   Thumb Code    74  rt_memclr_w.o(.text)
    __use_two_region_memory                  0x08000463   Thumb Code     2  heapauxi.o(.text)
    __rt_heap_escrow$2region                 0x08000465   Thumb Code     2  heapauxi.o(.text)
    __rt_heap_expand$2region                 0x08000467   Thumb Code     2  heapauxi.o(.text)
    __user_setup_stackheap                   0x08000469   Thumb Code    74  sys_stackheap_outer.o(.text)
    exit                                     0x080004b3   Thumb Code    18  exit.o(.text)
    __user_libspace                          0x080004c5   Thumb Code     8  libspace.o(.text)
    __user_perproc_libspace                  0x080004c5   Thumb Code     0  libspace.o(.text)
    __user_perthread_libspace                0x080004c5   Thumb Code     0  libspace.o(.text)
    _sys_exit                                0x080004cd   Thumb Code     8  sys_exit.o(.text)
    __I$use$semihosting                      0x080004d9   Thumb Code     0  use_no_semi.o(.text)
    __use_no_semihosting_swi                 0x080004d9   Thumb Code     2  use_no_semi.o(.text)
    __semihosting_library_function           0x080004db   Thumb Code     0  indicate_semi.o(.text)
    AHT20_Init                               0x080004dd   Thumb Code    74  aht20.o(.text.AHT20_Init)
    AHT20_Read                               0x08000529   Thumb Code   184  aht20.o(.text.AHT20_Read)
    BusFault_Handler                         0x080005f1   Thumb Code     2  stm32g4xx_it.o(.text.BusFault_Handler)
    DMA1_Channel1_IRQHandler                 0x08000649   Thumb Code    12  stm32g4xx_it.o(.text.DMA1_Channel1_IRQHandler)
    DMA1_Channel2_IRQHandler                 0x08000655   Thumb Code    12  stm32g4xx_it.o(.text.DMA1_Channel2_IRQHandler)
    DMA1_Channel3_IRQHandler                 0x08000661   Thumb Code    12  stm32g4xx_it.o(.text.DMA1_Channel3_IRQHandler)
    DMA1_Channel4_IRQHandler                 0x0800066d   Thumb Code    12  stm32g4xx_it.o(.text.DMA1_Channel4_IRQHandler)
    DMA1_Channel5_IRQHandler                 0x08000679   Thumb Code    12  stm32g4xx_it.o(.text.DMA1_Channel5_IRQHandler)
    DMA1_Channel6_IRQHandler                 0x08000685   Thumb Code    12  stm32g4xx_it.o(.text.DMA1_Channel6_IRQHandler)
    DMA1_Channel7_IRQHandler                 0x08000691   Thumb Code    12  stm32g4xx_it.o(.text.DMA1_Channel7_IRQHandler)
    DMA1_Channel8_IRQHandler                 0x0800069d   Thumb Code    12  stm32g4xx_it.o(.text.DMA1_Channel8_IRQHandler)
    DebugMon_Handler                         0x080006a9   Thumb Code     2  stm32g4xx_it.o(.text.DebugMon_Handler)
    Error_Handler                            0x080006ad   Thumb Code    10  main.o(.text.Error_Handler)
    HAL_ADCEx_MultiModeConfigChannel         0x080006b9   Thumb Code   308  stm32g4xx_hal_adc_ex.o(.text.HAL_ADCEx_MultiModeConfigChannel)
    HAL_ADC_ConfigChannel                    0x080007ed   Thumb Code   950  stm32g4xx_hal_adc.o(.text.HAL_ADC_ConfigChannel)
    HAL_ADC_Init                             0x08000ba5   Thumb Code   598  stm32g4xx_hal_adc.o(.text.HAL_ADC_Init)
    HAL_ADC_MspInit                          0x08000dfd   Thumb Code   278  stm32g4xx_hal_msp.o(.text.HAL_ADC_MspInit)
    HAL_DMA_Abort                            0x08000f15   Thumb Code   112  stm32g4xx_hal_dma.o(.text.HAL_DMA_Abort)
    HAL_DMA_Abort_IT                         0x08000f85   Thumb Code   128  stm32g4xx_hal_dma.o(.text.HAL_DMA_Abort_IT)
    HAL_DMA_IRQHandler                       0x08001005   Thumb Code   170  stm32g4xx_hal_dma.o(.text.HAL_DMA_IRQHandler)
    HAL_DMA_Init                             0x080010b1   Thumb Code   280  stm32g4xx_hal_dma.o(.text.HAL_DMA_Init)
    HAL_DMA_Start_IT                         0x080011c9   Thumb Code   232  stm32g4xx_hal_dma.o(.text.HAL_DMA_Start_IT)
    HAL_Delay                                0x080012b1   Thumb Code    40  stm32g4xx_hal.o(.text.HAL_Delay)
    HAL_GPIO_Init                            0x080012d9   Thumb Code   434  stm32g4xx_hal_gpio.o(.text.HAL_GPIO_Init)
    HAL_GPIO_WritePin                        0x0800148d   Thumb Code    12  stm32g4xx_hal_gpio.o(.text.HAL_GPIO_WritePin)
    HAL_GetTick                              0x08001499   Thumb Code    12  stm32g4xx_hal.o(.text.HAL_GetTick)
    HAL_I2CEx_ConfigAnalogFilter             0x080014a5   Thumb Code    74  stm32g4xx_hal_i2c_ex.o(.text.HAL_I2CEx_ConfigAnalogFilter)
    HAL_I2CEx_ConfigDigitalFilter            0x080014f1   Thumb Code    72  stm32g4xx_hal_i2c_ex.o(.text.HAL_I2CEx_ConfigDigitalFilter)
    HAL_I2C_Init                             0x08001539   Thumb Code   176  stm32g4xx_hal_i2c.o(.text.HAL_I2C_Init)
    HAL_I2C_Master_Receive                   0x080015e9   Thumb Code   426  stm32g4xx_hal_i2c.o(.text.HAL_I2C_Master_Receive)
    HAL_I2C_Master_Transmit                  0x08001795   Thumb Code   470  stm32g4xx_hal_i2c.o(.text.HAL_I2C_Master_Transmit)
    HAL_I2C_MspInit                          0x0800196d   Thumb Code   310  stm32g4xx_hal_msp.o(.text.HAL_I2C_MspInit)
    HAL_IncTick                              0x08001aa5   Thumb Code    26  stm32g4xx_hal.o(.text.HAL_IncTick)
    HAL_Init                                 0x08001ac1   Thumb Code    30  stm32g4xx_hal.o(.text.HAL_Init)
    HAL_InitTick                             0x08001ae1   Thumb Code    80  stm32g4xx_hal.o(.text.HAL_InitTick)
    HAL_MspInit                              0x08001b31   Thumb Code    52  stm32g4xx_hal_msp.o(.text.HAL_MspInit)
    HAL_NVIC_EnableIRQ                       0x08001b65   Thumb Code    34  stm32g4xx_hal_cortex.o(.text.HAL_NVIC_EnableIRQ)
    HAL_NVIC_SetPriority                     0x08001b89   Thumb Code    86  stm32g4xx_hal_cortex.o(.text.HAL_NVIC_SetPriority)
    HAL_NVIC_SetPriorityGrouping             0x08001be1   Thumb Code    32  stm32g4xx_hal_cortex.o(.text.HAL_NVIC_SetPriorityGrouping)
    HAL_PCDEx_ActivateLPM                    0x08001c01   Thumb Code    42  stm32g4xx_hal_pcd_ex.o(.text.HAL_PCDEx_ActivateLPM)
    HAL_PCDEx_LPM_Callback                   0x08001c2d   Thumb Code    82  usbd_conf.o(.text.HAL_PCDEx_LPM_Callback)
    HAL_PCDEx_PMAConfig                      0x08001c81   Thumb Code    76  stm32g4xx_hal_pcd_ex.o(.text.HAL_PCDEx_PMAConfig)
    HAL_PCD_DataInStageCallback              0x08001ccd   Thumb Code    20  usbd_conf.o(.text.HAL_PCD_DataInStageCallback)
    HAL_PCD_DataOutStageCallback             0x08001ce1   Thumb Code    22  usbd_conf.o(.text.HAL_PCD_DataOutStageCallback)
    HAL_PCD_EP_Close                         0x08001cf9   Thumb Code    78  stm32g4xx_hal_pcd.o(.text.HAL_PCD_EP_Close)
    HAL_PCD_EP_ClrStall                      0x08001d49   Thumb Code   100  stm32g4xx_hal_pcd.o(.text.HAL_PCD_EP_ClrStall)
    HAL_PCD_EP_GetRxCount                    0x08001dad   Thumb Code    18  stm32g4xx_hal_pcd.o(.text.HAL_PCD_EP_GetRxCount)
    HAL_PCD_EP_Open                          0x08001dc1   Thumb Code    94  stm32g4xx_hal_pcd.o(.text.HAL_PCD_EP_Open)
    HAL_PCD_EP_Receive                       0x08001e21   Thumb Code    50  stm32g4xx_hal_pcd.o(.text.HAL_PCD_EP_Receive)
    HAL_PCD_EP_SetStall                      0x08001e55   Thumb Code   104  stm32g4xx_hal_pcd.o(.text.HAL_PCD_EP_SetStall)
    HAL_PCD_EP_Transmit                      0x08001ebd   Thumb Code    54  stm32g4xx_hal_pcd.o(.text.HAL_PCD_EP_Transmit)
    HAL_PCD_IRQHandler                       0x08001ef5   Thumb Code  2250  stm32g4xx_hal_pcd.o(.text.HAL_PCD_IRQHandler)
    HAL_PCD_Init                             0x080027c1   Thumb Code   540  stm32g4xx_hal_pcd.o(.text.HAL_PCD_Init)
    HAL_PCD_MspInit                          0x080029dd   Thumb Code   102  usbd_conf.o(.text.HAL_PCD_MspInit)
    HAL_PCD_ResetCallback                    0x08002a45   Thumb Code    36  usbd_conf.o(.text.HAL_PCD_ResetCallback)
    HAL_PCD_ResumeCallback                   0x08002a69   Thumb Code    40  usbd_conf.o(.text.HAL_PCD_ResumeCallback)
    HAL_PCD_SOFCallback                      0x08002a91   Thumb Code     8  usbd_conf.o(.text.HAL_PCD_SOFCallback)
    HAL_PCD_SetAddress                       0x08002a99   Thumb Code    40  stm32g4xx_hal_pcd.o(.text.HAL_PCD_SetAddress)
    HAL_PCD_SetupStageCallback               0x08002ac1   Thumb Code    14  usbd_conf.o(.text.HAL_PCD_SetupStageCallback)
    HAL_PCD_Start                            0x08002ad1   Thumb Code    44  stm32g4xx_hal_pcd.o(.text.HAL_PCD_Start)
    HAL_PCD_SuspendCallback                  0x08002afd   Thumb Code    38  usbd_conf.o(.text.HAL_PCD_SuspendCallback)
    HAL_PWREx_ControlVoltageScaling          0x08002b25   Thumb Code   270  stm32g4xx_hal_pwr_ex.o(.text.HAL_PWREx_ControlVoltageScaling)
    HAL_PWREx_DisableUCPDDeadBattery         0x08002c35   Thumb Code    18  stm32g4xx_hal_pwr_ex.o(.text.HAL_PWREx_DisableUCPDDeadBattery)
    HAL_RCCEx_PeriphCLKConfig                0x08002c49   Thumb Code   726  stm32g4xx_hal_rcc_ex.o(.text.HAL_RCCEx_PeriphCLKConfig)
    HAL_RCC_ClockConfig                      0x08002f21   Thumb Code   720  stm32g4xx_hal_rcc.o(.text.HAL_RCC_ClockConfig)
    HAL_RCC_GetPCLK1Freq                     0x080031f1   Thumb Code    42  stm32g4xx_hal_rcc.o(.text.HAL_RCC_GetPCLK1Freq)
    HAL_RCC_GetPCLK2Freq                     0x0800321d   Thumb Code    42  stm32g4xx_hal_rcc.o(.text.HAL_RCC_GetPCLK2Freq)
    HAL_RCC_GetSysClockFreq                  0x08003249   Thumb Code    98  stm32g4xx_hal_rcc.o(.text.HAL_RCC_GetSysClockFreq)
    HAL_RCC_OscConfig                        0x080032ad   Thumb Code  1230  stm32g4xx_hal_rcc.o(.text.HAL_RCC_OscConfig)
    HAL_SPI_ErrorCallback                    0x0800377d   Thumb Code     2  stm32g4xx_hal_spi.o(.text.HAL_SPI_ErrorCallback)
    HAL_SPI_Init                             0x08003781   Thumb Code   228  stm32g4xx_hal_spi.o(.text.HAL_SPI_Init)
    HAL_SPI_MspInit                          0x08003865   Thumb Code   262  stm32g4xx_hal_msp.o(.text.HAL_SPI_MspInit)
    HAL_SPI_Transmit                         0x0800396d   Thumb Code   594  stm32g4xx_hal_spi.o(.text.HAL_SPI_Transmit)
    HAL_SPI_Transmit_DMA                     0x08003bc1   Thumb Code   290  stm32g4xx_hal_spi.o(.text.HAL_SPI_Transmit_DMA)
    HAL_SPI_TxCpltCallback                   0x08003ce5   Thumb Code     2  stm32g4xx_hal_spi.o(.text.HAL_SPI_TxCpltCallback)
    HAL_SPI_TxHalfCpltCallback               0x08003ce9   Thumb Code     2  stm32g4xx_hal_spi.o(.text.HAL_SPI_TxHalfCpltCallback)
    HAL_SYSTICK_Config                       0x08003ced   Thumb Code    44  stm32g4xx_hal_cortex.o(.text.HAL_SYSTICK_Config)
    HAL_TIMEx_ConfigBreakDeadTime            0x08003d19   Thumb Code   212  stm32g4xx_hal_tim_ex.o(.text.HAL_TIMEx_ConfigBreakDeadTime)
    HAL_TIMEx_MasterConfigSynchronization    0x08003ded   Thumb Code   222  stm32g4xx_hal_tim_ex.o(.text.HAL_TIMEx_MasterConfigSynchronization)
    HAL_TIM_Base_Init                        0x08003ecd   Thumb Code    98  stm32g4xx_hal_tim.o(.text.HAL_TIM_Base_Init)
    HAL_TIM_Base_MspInit                     0x08003f31   Thumb Code   116  stm32g4xx_hal_msp.o(.text.HAL_TIM_Base_MspInit)
    HAL_TIM_ConfigClockSource                0x08003fa5   Thumb Code   544  stm32g4xx_hal_tim.o(.text.HAL_TIM_ConfigClockSource)
    HAL_TIM_Encoder_Init                     0x080041c5   Thumb Code   182  stm32g4xx_hal_tim.o(.text.HAL_TIM_Encoder_Init)
    HAL_TIM_Encoder_MspInit                  0x0800427d   Thumb Code   246  stm32g4xx_hal_msp.o(.text.HAL_TIM_Encoder_MspInit)
    HAL_TIM_Encoder_Start                    0x08004375   Thumb Code   188  stm32g4xx_hal_tim.o(.text.HAL_TIM_Encoder_Start)
    HAL_TIM_ErrorCallback                    0x08004431   Thumb Code     2  stm32g4xx_hal_tim.o(.text.HAL_TIM_ErrorCallback)
    HAL_TIM_MspPostInit                      0x08004435   Thumb Code   148  stm32g4xx_hal_msp.o(.text.HAL_TIM_MspPostInit)
    HAL_TIM_PWM_ConfigChannel                0x080044c9   Thumb Code  1020  stm32g4xx_hal_tim.o(.text.HAL_TIM_PWM_ConfigChannel)
    HAL_TIM_PWM_Init                         0x080048c5   Thumb Code    98  stm32g4xx_hal_tim.o(.text.HAL_TIM_PWM_Init)
    HAL_TIM_PWM_MspInit                      0x08004929   Thumb Code   114  stm32g4xx_hal_msp.o(.text.HAL_TIM_PWM_MspInit)
    HAL_TIM_PWM_PulseFinishedCallback        0x0800499d   Thumb Code     2  stm32g4xx_hal_tim.o(.text.HAL_TIM_PWM_PulseFinishedCallback)
    HAL_TIM_PWM_PulseFinishedHalfCpltCallback 0x080049a1   Thumb Code     2  stm32g4xx_hal_tim.o(.text.HAL_TIM_PWM_PulseFinishedHalfCpltCallback)
    HAL_TIM_PWM_Start                        0x080049a5   Thumb Code   386  stm32g4xx_hal_tim.o(.text.HAL_TIM_PWM_Start)
    HAL_TIM_PWM_Start_DMA                    0x08004b29   Thumb Code   770  stm32g4xx_hal_tim.o(.text.HAL_TIM_PWM_Start_DMA)
    HAL_UARTEx_DisableFifoMode               0x08004e2d   Thumb Code    54  stm32g4xx_hal_uart_ex.o(.text.HAL_UARTEx_DisableFifoMode)
    HAL_UARTEx_ReceiveToIdle_DMA             0x08004e65   Thumb Code   152  stm32g4xx_hal_uart_ex.o(.text.HAL_UARTEx_ReceiveToIdle_DMA)
    HAL_UARTEx_RxEventCallback               0x08004efd   Thumb Code    94  main.o(.text.HAL_UARTEx_RxEventCallback)
    HAL_UARTEx_RxFifoFullCallback            0x08004f5d   Thumb Code     2  stm32g4xx_hal_uart_ex.o(.text.HAL_UARTEx_RxFifoFullCallback)
    HAL_UARTEx_SetRxFifoThreshold            0x08004f61   Thumb Code   140  stm32g4xx_hal_uart_ex.o(.text.HAL_UARTEx_SetRxFifoThreshold)
    HAL_UARTEx_SetTxFifoThreshold            0x08004fed   Thumb Code   140  stm32g4xx_hal_uart_ex.o(.text.HAL_UARTEx_SetTxFifoThreshold)
    HAL_UARTEx_TxFifoEmptyCallback           0x08005079   Thumb Code     2  stm32g4xx_hal_uart_ex.o(.text.HAL_UARTEx_TxFifoEmptyCallback)
    HAL_UARTEx_WakeupCallback                0x0800507d   Thumb Code     2  stm32g4xx_hal_uart_ex.o(.text.HAL_UARTEx_WakeupCallback)
    HAL_UART_ErrorCallback                   0x08005081   Thumb Code     2  stm32g4xx_hal_uart.o(.text.HAL_UART_ErrorCallback)
    HAL_UART_IRQHandler                      0x08005085   Thumb Code  1614  stm32g4xx_hal_uart.o(.text.HAL_UART_IRQHandler)
    HAL_UART_Init                            0x080056d5   Thumb Code   100  stm32g4xx_hal_uart.o(.text.HAL_UART_Init)
    HAL_UART_MspInit                         0x08005739   Thumb Code   480  stm32g4xx_hal_msp.o(.text.HAL_UART_MspInit)
    HAL_UART_RxCpltCallback                  0x08005919   Thumb Code     2  stm32g4xx_hal_uart.o(.text.HAL_UART_RxCpltCallback)
    HAL_UART_RxHalfCpltCallback              0x0800591d   Thumb Code     2  stm32g4xx_hal_uart.o(.text.HAL_UART_RxHalfCpltCallback)
    HAL_UART_Transmit_DMA                    0x08005921   Thumb Code   232  stm32g4xx_hal_uart.o(.text.HAL_UART_Transmit_DMA)
    HAL_UART_TxCpltCallback                  0x08005a09   Thumb Code     2  stm32g4xx_hal_uart.o(.text.HAL_UART_TxCpltCallback)
    HAL_UART_TxHalfCpltCallback              0x08005a0d   Thumb Code     2  stm32g4xx_hal_uart.o(.text.HAL_UART_TxHalfCpltCallback)
    HardFault_Handler                        0x08005a11   Thumb Code     2  stm32g4xx_it.o(.text.HardFault_Handler)
    LPUART1_IRQHandler                       0x08005e41   Thumb Code    12  stm32g4xx_it.o(.text.LPUART1_IRQHandler)
    MX_USB_Device_Init                       0x08005e4d   Thumb Code   114  usb_device.o(.text.MX_USB_Device_Init)
    MemManage_Handler                        0x08005ec1   Thumb Code     2  stm32g4xx_it.o(.text.MemManage_Handler)
    NMI_Handler                              0x08005ec5   Thumb Code     2  stm32g4xx_it.o(.text.NMI_Handler)
    PendSV_Handler                           0x08005ec9   Thumb Code     2  stm32g4xx_it.o(.text.PendSV_Handler)
    ST7789_DrawImage                         0x080061e5   Thumb Code   202  st7789.o(.text.ST7789_DrawImage)
    ST7789_Init                              0x080062b1   Thumb Code  1648  st7789.o(.text.ST7789_Init)
    ST7789_WriteChar                         0x08006abd   Thumb Code   360  st7789.o(.text.ST7789_WriteChar)
    ST7789_WriteString                       0x08006c25   Thumb Code   108  st7789.o(.text.ST7789_WriteString)
    SVC_Handler                              0x08006c91   Thumb Code     2  stm32g4xx_it.o(.text.SVC_Handler)
    SysTick_Handler                          0x08006c95   Thumb Code     4  stm32g4xx_it.o(.text.SysTick_Handler)
    SystemClock_Config                       0x08006c99   Thumb Code   112  main.o(.text.SystemClock_Config)
    SystemInit                               0x08006d09   Thumb Code    18  system_stm32g4xx.o(.text.SystemInit)
    TIM_Base_SetConfig                       0x08006d1d   Thumb Code   338  stm32g4xx_hal_tim.o(.text.TIM_Base_SetConfig)
    TIM_DMADelayPulseHalfCplt                0x08006edd   Thumb Code    56  stm32g4xx_hal_tim.o(.text.TIM_DMADelayPulseHalfCplt)
    TIM_DMAError                             0x08006f15   Thumb Code    94  stm32g4xx_hal_tim.o(.text.TIM_DMAError)
    UART_AdvFeatureConfig                    0x08006f75   Thumb Code   230  stm32g4xx_hal_uart.o(.text.UART_AdvFeatureConfig)
    UART_CheckIdleState                      0x0800705d   Thumb Code   362  stm32g4xx_hal_uart.o(.text.UART_CheckIdleState)
    UART_SetConfig                           0x080075e9   Thumb Code   676  stm32g4xx_hal_uart.o(.text.UART_SetConfig)
    UART_Start_Receive_DMA                   0x0800789d   Thumb Code   326  stm32g4xx_hal_uart.o(.text.UART_Start_Receive_DMA)
    UART_WaitOnFlagUntilTimeout              0x080079e5   Thumb Code   822  stm32g4xx_hal_uart.o(.text.UART_WaitOnFlagUntilTimeout)
    USART1_IRQHandler                        0x08007d1d   Thumb Code    12  stm32g4xx_it.o(.text.USART1_IRQHandler)
    USBD_CDC_ConfigStrDescriptor             0x08007d29   Thumb Code    24  usbd_desc.o(.text.USBD_CDC_ConfigStrDescriptor)
    USBD_CDC_DeviceDescriptor                0x08007e2d   Thumb Code    14  usbd_desc.o(.text.USBD_CDC_DeviceDescriptor)
    USBD_CDC_GetDeviceQualifierDescriptor    0x08007e6d   Thumb Code    16  usbd_cdc.o(.text.USBD_CDC_GetDeviceQualifierDescriptor)
    USBD_CDC_InterfaceStrDescriptor          0x08007f45   Thumb Code    24  usbd_desc.o(.text.USBD_CDC_InterfaceStrDescriptor)
    USBD_CDC_LangIDStrDescriptor             0x08007f6d   Thumb Code    14  usbd_desc.o(.text.USBD_CDC_LangIDStrDescriptor)
    USBD_CDC_ManufacturerStrDescriptor       0x08007f7d   Thumb Code    24  usbd_desc.o(.text.USBD_CDC_ManufacturerStrDescriptor)
    USBD_CDC_ProductStrDescriptor            0x08007fa9   Thumb Code    24  usbd_desc.o(.text.USBD_CDC_ProductStrDescriptor)
    USBD_CDC_ReceivePacket                   0x08007fd9   Thumb Code    44  usbd_cdc.o(.text.USBD_CDC_ReceivePacket)
    USBD_CDC_RegisterInterface               0x08008005   Thumb Code    14  usbd_cdc.o(.text.USBD_CDC_RegisterInterface)
    USBD_CDC_SerialStrDescriptor             0x08008015   Thumb Code   368  usbd_desc.o(.text.USBD_CDC_SerialStrDescriptor)
    USBD_CDC_SetRxBuffer                     0x08008185   Thumb Code    18  usbd_cdc.o(.text.USBD_CDC_SetRxBuffer)
    USBD_CDC_SetTxBuffer                     0x08008199   Thumb Code    22  usbd_cdc.o(.text.USBD_CDC_SetTxBuffer)
    USBD_ClrClassConfig                      0x08008289   Thumb Code    20  usbd_core.o(.text.USBD_ClrClassConfig)
    USBD_CtlContinueRx                       0x0800829d   Thumb Code    16  usbd_ioreq.o(.text.USBD_CtlContinueRx)
    USBD_CtlContinueSendData                 0x080082ad   Thumb Code    16  usbd_ioreq.o(.text.USBD_CtlContinueSendData)
    USBD_CtlError                            0x080082bd   Thumb Code    22  usbd_ctlreq.o(.text.USBD_CtlError)
    USBD_CtlPrepareRx                        0x080082d5   Thumb Code    26  usbd_ioreq.o(.text.USBD_CtlPrepareRx)
    USBD_CtlReceiveStatus                    0x080082f1   Thumb Code    22  usbd_ioreq.o(.text.USBD_CtlReceiveStatus)
    USBD_CtlSendData                         0x08008309   Thumb Code    26  usbd_ioreq.o(.text.USBD_CtlSendData)
    USBD_CtlSendStatus                       0x08008325   Thumb Code    22  usbd_ioreq.o(.text.USBD_CtlSendStatus)
    USBD_GetString                           0x0800833d   Thumb Code   218  usbd_ctlreq.o(.text.USBD_GetString)
    USBD_Init                                0x08008419   Thumb Code    42  usbd_core.o(.text.USBD_Init)
    USBD_LL_ClearStallEP                     0x08008445   Thumb Code    34  usbd_conf.o(.text.USBD_LL_ClearStallEP)
    USBD_LL_CloseEP                          0x08008469   Thumb Code    34  usbd_conf.o(.text.USBD_LL_CloseEP)
    USBD_LL_DataInStage                      0x0800848d   Thumb Code   168  usbd_core.o(.text.USBD_LL_DataInStage)
    USBD_LL_DataOutStage                     0x08008535   Thumb Code   102  usbd_core.o(.text.USBD_LL_DataOutStage)
    USBD_LL_GetRxDataSize                    0x0800859d   Thumb Code     8  usbd_conf.o(.text.USBD_LL_GetRxDataSize)
    USBD_LL_Init                             0x080085a5   Thumb Code   134  usbd_conf.o(.text.USBD_LL_Init)
    USBD_LL_IsStallEP                        0x0800862d   Thumb Code    42  usbd_conf.o(.text.USBD_LL_IsStallEP)
    USBD_LL_OpenEP                           0x08008659   Thumb Code    40  usbd_conf.o(.text.USBD_LL_OpenEP)
    USBD_LL_PrepareReceive                   0x08008681   Thumb Code    34  usbd_conf.o(.text.USBD_LL_PrepareReceive)
    USBD_LL_Reset                            0x080086a5   Thumb Code   104  usbd_core.o(.text.USBD_LL_Reset)
    USBD_LL_Resume                           0x0800870d   Thumb Code    20  usbd_core.o(.text.USBD_LL_Resume)
    USBD_LL_SOF                              0x08008721   Thumb Code    36  usbd_core.o(.text.USBD_LL_SOF)
    USBD_LL_SetSpeed                         0x08008745   Thumb Code     8  usbd_core.o(.text.USBD_LL_SetSpeed)
    USBD_LL_SetUSBAddress                    0x0800874d   Thumb Code    34  usbd_conf.o(.text.USBD_LL_SetUSBAddress)
    USBD_LL_SetupStage                       0x08008771   Thumb Code    98  usbd_core.o(.text.USBD_LL_SetupStage)
    USBD_LL_StallEP                          0x080087d5   Thumb Code    34  usbd_conf.o(.text.USBD_LL_StallEP)
    USBD_LL_Start                            0x080087f9   Thumb Code    34  usbd_conf.o(.text.USBD_LL_Start)
    USBD_LL_Suspend                          0x0800881d   Thumb Code    20  usbd_core.o(.text.USBD_LL_Suspend)
    USBD_LL_Transmit                         0x08008831   Thumb Code    34  usbd_conf.o(.text.USBD_LL_Transmit)
    USBD_ParseSetupRequest                   0x08008855   Thumb Code    22  usbd_ctlreq.o(.text.USBD_ParseSetupRequest)
    USBD_RegisterClass                       0x0800886d   Thumb Code    46  usbd_core.o(.text.USBD_RegisterClass)
    USBD_SetClassConfig                      0x0800889d   Thumb Code    16  usbd_core.o(.text.USBD_SetClassConfig)
    USBD_Start                               0x080088ad   Thumb Code     4  usbd_core.o(.text.USBD_Start)
    USBD_StdDevReq                           0x080088b1   Thumb Code   884  usbd_ctlreq.o(.text.USBD_StdDevReq)
    USBD_StdEPReq                            0x08008c25   Thumb Code   324  usbd_ctlreq.o(.text.USBD_StdEPReq)
    USBD_StdItfReq                           0x08008d69   Thumb Code    98  usbd_ctlreq.o(.text.USBD_StdItfReq)
    USBD_static_free                         0x08008dcd   Thumb Code     2  usbd_conf.o(.text.USBD_static_free)
    USBD_static_malloc                       0x08008dd1   Thumb Code    10  usbd_conf.o(.text.USBD_static_malloc)
    USB_ActivateEndpoint                     0x08008ddd   Thumb Code   802  stm32g4xx_ll_usb.o(.text.USB_ActivateEndpoint)
    USB_DeactivateEndpoint                   0x08009101   Thumb Code   226  stm32g4xx_ll_usb.o(.text.USB_DeactivateEndpoint)
    USB_DevConnect                           0x080091e5   Thumb Code    18  stm32g4xx_ll_usb.o(.text.USB_DevConnect)
    USB_DevInit                              0x080091f9   Thumb Code    26  stm32g4xx_ll_usb.o(.text.USB_DevInit)
    USB_DisableGlobalInt                     0x08009215   Thumb Code    20  stm32g4xx_ll_usb.o(.text.USB_DisableGlobalInt)
    USB_EPClearStall                         0x08009229   Thumb Code   120  stm32g4xx_ll_usb.o(.text.USB_EPClearStall)
    USB_EPSetStall                           0x080092a1   Thumb Code    50  stm32g4xx_ll_usb.o(.text.USB_EPSetStall)
    USB_EPStartXfer                          0x080092d5   Thumb Code  1662  stm32g4xx_ll_usb.o(.text.USB_EPStartXfer)
    USB_EnableGlobalInt                      0x08009955   Thumb Code    18  stm32g4xx_ll_usb.o(.text.USB_EnableGlobalInt)
    USB_LP_IRQHandler                        0x08009969   Thumb Code    12  stm32g4xx_it.o(.text.USB_LP_IRQHandler)
    USB_ReadInterrupts                       0x08009975   Thumb Code     6  stm32g4xx_ll_usb.o(.text.USB_ReadInterrupts)
    USB_ReadPMA                              0x0800997d   Thumb Code   156  stm32g4xx_ll_usb.o(.text.USB_ReadPMA)
    USB_SetDevAddress                        0x08009a19   Thumb Code    14  stm32g4xx_ll_usb.o(.text.USB_SetDevAddress)
    USB_WritePMA                             0x08009a29   Thumb Code   150  stm32g4xx_ll_usb.o(.text.USB_WritePMA)
    UsageFault_Handler                       0x08009ac1   Thumb Code     2  stm32g4xx_it.o(.text.UsageFault_Handler)
    View_DoubaoWelcome                       0x08009ac5   Thumb Code    72  views.o(.text.View_DoubaoWelcome)
    WS2812_Set_All                           0x08009b19   Thumb Code    86  ws2812.o(.text.WS2812_Set_All)
    WS2812_Update                            0x08009b71   Thumb Code    26  ws2812.o(.text.WS2812_Update)
    WS2812_Write_Data                        0x08009b8d   Thumb Code   318  ws2812.o(.text.WS2812_Write_Data)
    main                                     0x08009ccd   Thumb Code  2456  main.o(.text.main)
    _fp_init                                 0x0800a665   Thumb Code    26  fpinit.o(x$fpl$fpinit)
    __fplib_config_fpu_vfp                   0x0800a67d   Thumb Code     0  fpinit.o(x$fpl$fpinit)
    __fplib_config_pureend_doubles           0x0800a67d   Thumb Code     0  fpinit.o(x$fpl$fpinit)
    AHBPrescTable                            0x0800a67e   Data          16  system_stm32g4xx.o(.rodata.AHBPrescTable)
    APBPrescTable                            0x0800a68e   Data           8  system_stm32g4xx.o(.rodata.APBPrescTable)
    UARTPrescTable                           0x0800a916   Data          24  stm32g4xx_hal_uart.o(.rodata.UARTPrescTable)
    doubao                                   0x0800a950   Data       51200  fonts.o(.rodata.doubao)
    Region$$Table$$Base                      0x08017150   Number         0  anon$$obj.o(Region$$Table)
    Region$$Table$$Limit                     0x08017170   Number         0  anon$$obj.o(Region$$Table)
    uwTickPrio                               0x20000000   Data           4  stm32g4xx_hal.o(.data..L_MergedGlobals)
    uwTickFreq                               0x20000004   Data           4  stm32g4xx_hal.o(.data..L_MergedGlobals)
    CDC_Desc                                 0x20000008   Data          32  usbd_desc.o(.data.CDC_Desc)
    DMA_MIN_SIZE                             0x20000028   Data           2  st7789.o(.data.DMA_MIN_SIZE)
    Han_Array32                              0x2000002c   Data           8  fonts.o(.data.Han_Array32)
    SystemCoreClock                          0x20000034   Data           4  system_stm32g4xx.o(.data.SystemCoreClock)
    USBD_CDC                                 0x20000038   Data          56  usbd_cdc.o(.data.USBD_CDC)
    USBD_CDC_DeviceDesc                      0x200000f8   Data          18  usbd_desc.o(.data.USBD_CDC_DeviceDesc)
    USBD_Interface_fops_FS                   0x2000015c   Data          20  usbd_cdc_if.o(.data.USBD_Interface_fops_FS)
    USBD_LangIDDesc                          0x20000170   Data           4  usbd_desc.o(.data.USBD_LangIDDesc)
    USBD_StringSerial                        0x20000174   Data          26  usbd_desc.o(.data.USBD_StringSerial)
    __libspace_start                         0x20000190   Data          96  libspace.o(.bss)
    Humidity                                 0x200001f0   Data           4  main.o(.bss..L_MergedGlobals)
    __temporary_stack_top$libspace           0x200001f0   Data           0  libspace.o(.bss)
    Temperature                              0x200001f4   Data           4  main.o(.bss..L_MergedGlobals)
    htim1                                    0x200001f8   Data          76  main.o(.bss..L_MergedGlobals)
    BLE_rx_data                              0x20000244   Data         256  main.o(.bss.BLE_rx_data)
    USBD_StrDesc                             0x20000348   Data         512  usbd_desc.o(.bss.USBD_StrDesc)
    UserRxBufferFS                           0x20000768   Data        2048  usbd_cdc_if.o(.bss.UserRxBufferFS)
    UserTxBufferFS                           0x20000f68   Data        2048  usbd_cdc_if.o(.bss.UserTxBufferFS)
    WS2812_Buf                               0x20001768   Data         528  ws2812.o(.bss.WS2812_Buf)
    disp_buf                                 0x20001978   Data        3200  st7789.o(.bss.disp_buf)
    hUsbDeviceFS                             0x200025f8   Data         720  usb_device.o(.bss.hUsbDeviceFS)
    hadc1                                    0x200028c8   Data         108  main.o(.bss.hadc1)
    hadc3                                    0x20002934   Data         108  main.o(.bss.hadc3)
    hdma_i2c3_rx                             0x200029a0   Data          96  main.o(.bss.hdma_i2c3_rx)
    hdma_i2c3_tx                             0x20002a00   Data          96  main.o(.bss.hdma_i2c3_tx)
    hdma_lpuart1_rx                          0x20002a60   Data          96  main.o(.bss.hdma_lpuart1_rx)
    hdma_lpuart1_tx                          0x20002ac0   Data          96  main.o(.bss.hdma_lpuart1_tx)
    hdma_spi3_tx                             0x20002b20   Data          96  main.o(.bss.hdma_spi3_tx)
    hdma_tim20_ch3                           0x20002b80   Data          96  main.o(.bss.hdma_tim20_ch3)
    hdma_usart1_rx                           0x20002be0   Data          96  main.o(.bss.hdma_usart1_rx)
    hdma_usart1_tx                           0x20002c40   Data          96  main.o(.bss.hdma_usart1_tx)
    hi2c3                                    0x20002ca0   Data          84  main.o(.bss.hi2c3)
    hlpuart1                                 0x20002cf4   Data         148  main.o(.bss.hlpuart1)
    hpcd_USB_FS                              0x20002d88   Data         732  usbd_conf.o(.bss.hpcd_USB_FS)
    hspi1                                    0x20003064   Data         100  main.o(.bss.hspi1)
    hspi3                                    0x200030c8   Data         100  main.o(.bss.hspi3)
    htim20                                   0x2000312c   Data          76  main.o(.bss.htim20)
    htim3                                    0x20003178   Data          76  main.o(.bss.htim3)
    htim4                                    0x200031c4   Data          76  main.o(.bss.htim4)
    htim8                                    0x20003210   Data          76  main.o(.bss.htim8)
    huart1                                   0x2000325c   Data         148  main.o(.bss.huart1)
    uwTick                                   0x200032f0   Data           4  stm32g4xx_hal.o(.bss.uwTick)



==============================================================================

Memory Map of the image

  Image Entry point : 0x080001d9

  Load Region LR_IROM1 (Base: 0x08000000, Size: 0x00017300, Max: 0x00080000, ABSOLUTE, COMPRESSED[0x00017240])

    Execution Region ER_IROM1 (Exec base: 0x08000000, Load base: 0x08000000, Size: 0x00017170, Max: 0x00080000, ABSOLUTE)

    Exec Addr    Load Addr    Size         Type   Attr      Idx    E Section Name        Object

    0x08000000   0x08000000   0x000001d8   Data   RO            3    RESET               startup_stm32g474xx.o
    0x080001d8   0x080001d8   0x00000008   Code   RO         2219  * !!!main             c_w.l(__main.o)
    0x080001e0   0x080001e0   0x0000005c   Code   RO         2396    !!!scatter          c_w.l(__scatter.o)
    0x0800023c   0x0800023c   0x0000005a   Code   RO         2394    !!dczerorl2         c_w.l(__dczerorl2.o)
    0x08000296   0x08000296   0x00000002   PAD
    0x08000298   0x08000298   0x00000002   Code   RO         2397    !!handler_null      c_w.l(__scatter.o)
    0x0800029a   0x0800029a   0x00000002   PAD
    0x0800029c   0x0800029c   0x0000001c   Code   RO         2400    !!handler_zi        c_w.l(__scatter_zi.o)
    0x080002b8   0x080002b8   0x00000002   Code   RO         2256    .ARM.Collect$$libinit$$00000000  c_w.l(libinit.o)
    0x080002ba   0x080002ba   0x00000004   Code   RO         2268    .ARM.Collect$$libinit$$00000001  c_w.l(libinit2.o)
    0x080002be   0x080002be   0x00000000   Code   RO         2271    .ARM.Collect$$libinit$$00000004  c_w.l(libinit2.o)
    0x080002be   0x080002be   0x00000000   Code   RO         2273    .ARM.Collect$$libinit$$00000006  c_w.l(libinit2.o)
    0x080002be   0x080002be   0x00000000   Code   RO         2276    .ARM.Collect$$libinit$$0000000C  c_w.l(libinit2.o)
    0x080002be   0x080002be   0x00000000   Code   RO         2278    .ARM.Collect$$libinit$$0000000E  c_w.l(libinit2.o)
    0x080002be   0x080002be   0x00000000   Code   RO         2280    .ARM.Collect$$libinit$$00000010  c_w.l(libinit2.o)
    0x080002be   0x080002be   0x00000000   Code   RO         2283    .ARM.Collect$$libinit$$00000013  c_w.l(libinit2.o)
    0x080002be   0x080002be   0x00000000   Code   RO         2285    .ARM.Collect$$libinit$$00000015  c_w.l(libinit2.o)
    0x080002be   0x080002be   0x00000000   Code   RO         2287    .ARM.Collect$$libinit$$00000017  c_w.l(libinit2.o)
    0x080002be   0x080002be   0x00000000   Code   RO         2289    .ARM.Collect$$libinit$$00000019  c_w.l(libinit2.o)
    0x080002be   0x080002be   0x00000000   Code   RO         2291    .ARM.Collect$$libinit$$0000001B  c_w.l(libinit2.o)
    0x080002be   0x080002be   0x00000000   Code   RO         2293    .ARM.Collect$$libinit$$0000001D  c_w.l(libinit2.o)
    0x080002be   0x080002be   0x00000000   Code   RO         2295    .ARM.Collect$$libinit$$0000001F  c_w.l(libinit2.o)
    0x080002be   0x080002be   0x00000000   Code   RO         2297    .ARM.Collect$$libinit$$00000021  c_w.l(libinit2.o)
    0x080002be   0x080002be   0x00000000   Code   RO         2299    .ARM.Collect$$libinit$$00000023  c_w.l(libinit2.o)
    0x080002be   0x080002be   0x00000000   Code   RO         2301    .ARM.Collect$$libinit$$00000025  c_w.l(libinit2.o)
    0x080002be   0x080002be   0x00000000   Code   RO         2303    .ARM.Collect$$libinit$$00000027  c_w.l(libinit2.o)
    0x080002be   0x080002be   0x00000000   Code   RO         2307    .ARM.Collect$$libinit$$0000002E  c_w.l(libinit2.o)
    0x080002be   0x080002be   0x00000000   Code   RO         2309    .ARM.Collect$$libinit$$00000030  c_w.l(libinit2.o)
    0x080002be   0x080002be   0x00000000   Code   RO         2311    .ARM.Collect$$libinit$$00000032  c_w.l(libinit2.o)
    0x080002be   0x080002be   0x00000000   Code   RO         2313    .ARM.Collect$$libinit$$00000034  c_w.l(libinit2.o)
    0x080002be   0x080002be   0x00000002   Code   RO         2314    .ARM.Collect$$libinit$$00000035  c_w.l(libinit2.o)
    0x080002c0   0x080002c0   0x00000002   Code   RO         2349    .ARM.Collect$$libshutdown$$00000000  c_w.l(libshutdown.o)
    0x080002c2   0x080002c2   0x00000000   Code   RO         2377    .ARM.Collect$$libshutdown$$00000002  c_w.l(libshutdown2.o)
    0x080002c2   0x080002c2   0x00000000   Code   RO         2379    .ARM.Collect$$libshutdown$$00000004  c_w.l(libshutdown2.o)
    0x080002c2   0x080002c2   0x00000000   Code   RO         2382    .ARM.Collect$$libshutdown$$00000007  c_w.l(libshutdown2.o)
    0x080002c2   0x080002c2   0x00000000   Code   RO         2385    .ARM.Collect$$libshutdown$$0000000A  c_w.l(libshutdown2.o)
    0x080002c2   0x080002c2   0x00000000   Code   RO         2387    .ARM.Collect$$libshutdown$$0000000C  c_w.l(libshutdown2.o)
    0x080002c2   0x080002c2   0x00000000   Code   RO         2390    .ARM.Collect$$libshutdown$$0000000F  c_w.l(libshutdown2.o)
    0x080002c2   0x080002c2   0x00000002   Code   RO         2391    .ARM.Collect$$libshutdown$$00000010  c_w.l(libshutdown2.o)
    0x080002c4   0x080002c4   0x00000000   Code   RO         2221    .ARM.Collect$$rtentry$$00000000  c_w.l(__rtentry.o)
    0x080002c4   0x080002c4   0x00000000   Code   RO         2227    .ARM.Collect$$rtentry$$00000002  c_w.l(__rtentry2.o)
    0x080002c4   0x080002c4   0x00000006   Code   RO         2239    .ARM.Collect$$rtentry$$00000004  c_w.l(__rtentry4.o)
    0x080002ca   0x080002ca   0x00000000   Code   RO         2229    .ARM.Collect$$rtentry$$00000009  c_w.l(__rtentry2.o)
    0x080002ca   0x080002ca   0x00000004   Code   RO         2230    .ARM.Collect$$rtentry$$0000000A  c_w.l(__rtentry2.o)
    0x080002ce   0x080002ce   0x00000000   Code   RO         2232    .ARM.Collect$$rtentry$$0000000C  c_w.l(__rtentry2.o)
    0x080002ce   0x080002ce   0x00000008   Code   RO         2233    .ARM.Collect$$rtentry$$0000000D  c_w.l(__rtentry2.o)
    0x080002d6   0x080002d6   0x00000002   Code   RO         2260    .ARM.Collect$$rtexit$$00000000  c_w.l(rtexit.o)
    0x080002d8   0x080002d8   0x00000000   Code   RO         2320    .ARM.Collect$$rtexit$$00000002  c_w.l(rtexit2.o)
    0x080002d8   0x080002d8   0x00000004   Code   RO         2321    .ARM.Collect$$rtexit$$00000003  c_w.l(rtexit2.o)
    0x080002dc   0x080002dc   0x00000006   Code   RO         2322    .ARM.Collect$$rtexit$$00000004  c_w.l(rtexit2.o)
    0x080002e2   0x080002e2   0x00000002   PAD
    0x080002e4   0x080002e4   0x00000040   Code   RO            4    .text               startup_stm32g474xx.o
    0x08000324   0x08000324   0x000000f0   Code   RO         2211    .text               c_w.l(lludivv7m.o)
    0x08000414   0x08000414   0x0000004e   Code   RO         2215    .text               c_w.l(rt_memclr_w.o)
    0x08000462   0x08000462   0x00000006   Code   RO         2217    .text               c_w.l(heapauxi.o)
    0x08000468   0x08000468   0x0000004a   Code   RO         2243    .text               c_w.l(sys_stackheap_outer.o)
    0x080004b2   0x080004b2   0x00000012   Code   RO         2245    .text               c_w.l(exit.o)
    0x080004c4   0x080004c4   0x00000008   Code   RO         2257    .text               c_w.l(libspace.o)
    0x080004cc   0x080004cc   0x0000000c   Code   RO         2315    .text               c_w.l(sys_exit.o)
    0x080004d8   0x080004d8   0x00000002   Code   RO         2338    .text               c_w.l(use_no_semi.o)
    0x080004da   0x080004da   0x00000000   Code   RO         2340    .text               c_w.l(indicate_semi.o)
    0x080004da   0x080004da   0x00000002   PAD
    0x080004dc   0x080004dc   0x0000004a   Code   RO          263    .text.AHT20_Init    aht20.o
    0x08000526   0x08000526   0x00000002   PAD
    0x08000528   0x08000528   0x000000c8   Code   RO          265    .text.AHT20_Read    aht20.o
    0x080005f0   0x080005f0   0x00000002   Code   RO          182    .text.BusFault_Handler  stm32g4xx_it.o
    0x080005f2   0x080005f2   0x00000002   PAD
    0x080005f4   0x080005f4   0x00000004   Code   RO         2057    .text.CDC_Control_FS  usbd_cdc_if.o
    0x080005f8   0x080005f8   0x00000004   Code   RO         2055    .text.CDC_DeInit_FS  usbd_cdc_if.o
    0x080005fc   0x080005fc   0x0000002c   Code   RO         2053    .text.CDC_Init_FS   usbd_cdc_if.o
    0x08000628   0x08000628   0x0000001c   Code   RO         2059    .text.CDC_Receive_FS  usbd_cdc_if.o
    0x08000644   0x08000644   0x00000004   Code   RO         2061    .text.CDC_TransmitCplt_FS  usbd_cdc_if.o
    0x08000648   0x08000648   0x0000000c   Code   RO          194    .text.DMA1_Channel1_IRQHandler  stm32g4xx_it.o
    0x08000654   0x08000654   0x0000000c   Code   RO          196    .text.DMA1_Channel2_IRQHandler  stm32g4xx_it.o
    0x08000660   0x08000660   0x0000000c   Code   RO          198    .text.DMA1_Channel3_IRQHandler  stm32g4xx_it.o
    0x0800066c   0x0800066c   0x0000000c   Code   RO          200    .text.DMA1_Channel4_IRQHandler  stm32g4xx_it.o
    0x08000678   0x08000678   0x0000000c   Code   RO          202    .text.DMA1_Channel5_IRQHandler  stm32g4xx_it.o
    0x08000684   0x08000684   0x0000000c   Code   RO          204    .text.DMA1_Channel6_IRQHandler  stm32g4xx_it.o
    0x08000690   0x08000690   0x0000000c   Code   RO          206    .text.DMA1_Channel7_IRQHandler  stm32g4xx_it.o
    0x0800069c   0x0800069c   0x0000000c   Code   RO          214    .text.DMA1_Channel8_IRQHandler  stm32g4xx_it.o
    0x080006a8   0x080006a8   0x00000002   Code   RO          188    .text.DebugMon_Handler  stm32g4xx_it.o
    0x080006aa   0x080006aa   0x00000002   PAD
    0x080006ac   0x080006ac   0x0000000a   Code   RO          142    .text.Error_Handler  main.o
    0x080006b6   0x080006b6   0x00000002   PAD
    0x080006b8   0x080006b8   0x00000134   Code   RO         1053    .text.HAL_ADCEx_MultiModeConfigChannel  stm32g4xx_hal_adc_ex.o
    0x080007ec   0x080007ec   0x000003b6   Code   RO          993    .text.HAL_ADC_ConfigChannel  stm32g4xx_hal_adc.o
    0x08000ba2   0x08000ba2   0x00000002   PAD
    0x08000ba4   0x08000ba4   0x00000256   Code   RO          941    .text.HAL_ADC_Init  stm32g4xx_hal_adc.o
    0x08000dfa   0x08000dfa   0x00000002   PAD
    0x08000dfc   0x08000dfc   0x00000116   Code   RO          225    .text.HAL_ADC_MspInit  stm32g4xx_hal_msp.o
    0x08000f12   0x08000f12   0x00000002   PAD
    0x08000f14   0x08000f14   0x00000070   Code   RO          727    .text.HAL_DMA_Abort  stm32g4xx_hal_dma.o
    0x08000f84   0x08000f84   0x00000080   Code   RO          729    .text.HAL_DMA_Abort_IT  stm32g4xx_hal_dma.o
    0x08001004   0x08001004   0x000000aa   Code   RO          733    .text.HAL_DMA_IRQHandler  stm32g4xx_hal_dma.o
    0x080010ae   0x080010ae   0x00000002   PAD
    0x080010b0   0x080010b0   0x00000118   Code   RO          719    .text.HAL_DMA_Init  stm32g4xx_hal_dma.o
    0x080011c8   0x080011c8   0x000000e8   Code   RO          725    .text.HAL_DMA_Start_IT  stm32g4xx_hal_dma.o
    0x080012b0   0x080012b0   0x00000028   Code   RO          446    .text.HAL_Delay     stm32g4xx_hal.o
    0x080012d8   0x080012d8   0x000001b2   Code   RO          669    .text.HAL_GPIO_Init  stm32g4xx_hal_gpio.o
    0x0800148a   0x0800148a   0x00000002   PAD
    0x0800148c   0x0800148c   0x0000000c   Code   RO          675    .text.HAL_GPIO_WritePin  stm32g4xx_hal_gpio.o
    0x08001498   0x08001498   0x0000000c   Code   RO          438    .text.HAL_GetTick   stm32g4xx_hal.o
    0x080014a4   0x080014a4   0x0000004a   Code   RO         1226    .text.HAL_I2CEx_ConfigAnalogFilter  stm32g4xx_hal_i2c_ex.o
    0x080014ee   0x080014ee   0x00000002   PAD
    0x080014f0   0x080014f0   0x00000048   Code   RO         1228    .text.HAL_I2CEx_ConfigDigitalFilter  stm32g4xx_hal_i2c_ex.o
    0x08001538   0x08001538   0x000000b0   Code   RO         1072    .text.HAL_I2C_Init  stm32g4xx_hal_i2c.o
    0x080015e8   0x080015e8   0x000001aa   Code   RO         1088    .text.HAL_I2C_Master_Receive  stm32g4xx_hal_i2c.o
    0x08001792   0x08001792   0x00000002   PAD
    0x08001794   0x08001794   0x000001d6   Code   RO         1080    .text.HAL_I2C_Master_Transmit  stm32g4xx_hal_i2c.o
    0x0800196a   0x0800196a   0x00000002   PAD
    0x0800196c   0x0800196c   0x00000136   Code   RO          229    .text.HAL_I2C_MspInit  stm32g4xx_hal_msp.o
    0x08001aa2   0x08001aa2   0x00000002   PAD
    0x08001aa4   0x08001aa4   0x0000001a   Code   RO          436    .text.HAL_IncTick   stm32g4xx_hal.o
    0x08001abe   0x08001abe   0x00000002   PAD
    0x08001ac0   0x08001ac0   0x0000001e   Code   RO          426    .text.HAL_Init      stm32g4xx_hal.o
    0x08001ade   0x08001ade   0x00000002   PAD
    0x08001ae0   0x08001ae0   0x00000050   Code   RO          428    .text.HAL_InitTick  stm32g4xx_hal.o
    0x08001b30   0x08001b30   0x00000034   Code   RO          223    .text.HAL_MspInit   stm32g4xx_hal_msp.o
    0x08001b64   0x08001b64   0x00000022   Code   RO          895    .text.HAL_NVIC_EnableIRQ  stm32g4xx_hal_cortex.o
    0x08001b86   0x08001b86   0x00000002   PAD
    0x08001b88   0x08001b88   0x00000056   Code   RO          893    .text.HAL_NVIC_SetPriority  stm32g4xx_hal_cortex.o
    0x08001bde   0x08001bde   0x00000002   PAD
    0x08001be0   0x08001be0   0x00000020   Code   RO          891    .text.HAL_NVIC_SetPriorityGrouping  stm32g4xx_hal_cortex.o
    0x08001c00   0x08001c00   0x0000002a   Code   RO          360    .text.HAL_PCDEx_ActivateLPM  stm32g4xx_hal_pcd_ex.o
    0x08001c2a   0x08001c2a   0x00000002   PAD
    0x08001c2c   0x08001c2c   0x00000052   Code   RO         1999    .text.HAL_PCDEx_LPM_Callback  usbd_conf.o
    0x08001c7e   0x08001c7e   0x00000002   PAD
    0x08001c80   0x08001c80   0x0000004c   Code   RO          350    .text.HAL_PCDEx_PMAConfig  stm32g4xx_hal_pcd_ex.o
    0x08001ccc   0x08001ccc   0x00000014   Code   RO         1953    .text.HAL_PCD_DataInStageCallback  usbd_conf.o
    0x08001ce0   0x08001ce0   0x00000016   Code   RO         1951    .text.HAL_PCD_DataOutStageCallback  usbd_conf.o
    0x08001cf6   0x08001cf6   0x00000002   PAD
    0x08001cf8   0x08001cf8   0x0000004e   Code   RO          320    .text.HAL_PCD_EP_Close  stm32g4xx_hal_pcd.o
    0x08001d46   0x08001d46   0x00000002   PAD
    0x08001d48   0x08001d48   0x00000064   Code   RO          330    .text.HAL_PCD_EP_ClrStall  stm32g4xx_hal_pcd.o
    0x08001dac   0x08001dac   0x00000012   Code   RO          324    .text.HAL_PCD_EP_GetRxCount  stm32g4xx_hal_pcd.o
    0x08001dbe   0x08001dbe   0x00000002   PAD
    0x08001dc0   0x08001dc0   0x0000005e   Code   RO          318    .text.HAL_PCD_EP_Open  stm32g4xx_hal_pcd.o
    0x08001e1e   0x08001e1e   0x00000002   PAD
    0x08001e20   0x08001e20   0x00000032   Code   RO          322    .text.HAL_PCD_EP_Receive  stm32g4xx_hal_pcd.o
    0x08001e52   0x08001e52   0x00000002   PAD
    0x08001e54   0x08001e54   0x00000068   Code   RO          328    .text.HAL_PCD_EP_SetStall  stm32g4xx_hal_pcd.o
    0x08001ebc   0x08001ebc   0x00000036   Code   RO          326    .text.HAL_PCD_EP_Transmit  stm32g4xx_hal_pcd.o
    0x08001ef2   0x08001ef2   0x00000002   PAD
    0x08001ef4   0x08001ef4   0x000008ca   Code   RO          288    .text.HAL_PCD_IRQHandler  stm32g4xx_hal_pcd.o
    0x080027be   0x080027be   0x00000002   PAD
    0x080027c0   0x080027c0   0x0000021c   Code   RO          276    .text.HAL_PCD_Init  stm32g4xx_hal_pcd.o
    0x080029dc   0x080029dc   0x00000066   Code   RO         1945    .text.HAL_PCD_MspInit  usbd_conf.o
    0x08002a42   0x08002a42   0x00000002   PAD
    0x08002a44   0x08002a44   0x00000024   Code   RO         1957    .text.HAL_PCD_ResetCallback  usbd_conf.o
    0x08002a68   0x08002a68   0x00000028   Code   RO         1961    .text.HAL_PCD_ResumeCallback  usbd_conf.o
    0x08002a90   0x08002a90   0x00000008   Code   RO         1955    .text.HAL_PCD_SOFCallback  usbd_conf.o
    0x08002a98   0x08002a98   0x00000028   Code   RO          292    .text.HAL_PCD_SetAddress  stm32g4xx_hal_pcd.o
    0x08002ac0   0x08002ac0   0x0000000e   Code   RO         1949    .text.HAL_PCD_SetupStageCallback  usbd_conf.o
    0x08002ace   0x08002ace   0x00000002   PAD
    0x08002ad0   0x08002ad0   0x0000002c   Code   RO          284    .text.HAL_PCD_Start  stm32g4xx_hal_pcd.o
    0x08002afc   0x08002afc   0x00000026   Code   RO         1959    .text.HAL_PCD_SuspendCallback  usbd_conf.o
    0x08002b22   0x08002b22   0x00000002   PAD
    0x08002b24   0x08002b24   0x0000010e   Code   RO          811    .text.HAL_PWREx_ControlVoltageScaling  stm32g4xx_hal_pwr_ex.o
    0x08002c32   0x08002c32   0x00000002   PAD
    0x08002c34   0x08002c34   0x00000012   Code   RO          881    .text.HAL_PWREx_DisableUCPDDeadBattery  stm32g4xx_hal_pwr_ex.o
    0x08002c46   0x08002c46   0x00000002   PAD
    0x08002c48   0x08002c48   0x000002d6   Code   RO          550    .text.HAL_RCCEx_PeriphCLKConfig  stm32g4xx_hal_rcc_ex.o
    0x08002f1e   0x08002f1e   0x00000002   PAD
    0x08002f20   0x08002f20   0x000002d0   Code   RO          516    .text.HAL_RCC_ClockConfig  stm32g4xx_hal_rcc.o
    0x080031f0   0x080031f0   0x0000002a   Code   RO          524    .text.HAL_RCC_GetPCLK1Freq  stm32g4xx_hal_rcc.o
    0x0800321a   0x0800321a   0x00000002   PAD
    0x0800321c   0x0800321c   0x0000002a   Code   RO          526    .text.HAL_RCC_GetPCLK2Freq  stm32g4xx_hal_rcc.o
    0x08003246   0x08003246   0x00000002   PAD
    0x08003248   0x08003248   0x00000062   Code   RO          518    .text.HAL_RCC_GetSysClockFreq  stm32g4xx_hal_rcc.o
    0x080032aa   0x080032aa   0x00000002   PAD
    0x080032ac   0x080032ac   0x000004ce   Code   RO          514    .text.HAL_RCC_OscConfig  stm32g4xx_hal_rcc.o
    0x0800377a   0x0800377a   0x00000002   PAD
    0x0800377c   0x0800377c   0x00000002   Code   RO         1515    .text.HAL_SPI_ErrorCallback  stm32g4xx_hal_spi.o
    0x0800377e   0x0800377e   0x00000002   PAD
    0x08003780   0x08003780   0x000000e4   Code   RO         1431    .text.HAL_SPI_Init  stm32g4xx_hal_spi.o
    0x08003864   0x08003864   0x00000106   Code   RO          237    .text.HAL_SPI_MspInit  stm32g4xx_hal_msp.o
    0x0800396a   0x0800396a   0x00000002   PAD
    0x0800396c   0x0800396c   0x00000252   Code   RO         1439    .text.HAL_SPI_Transmit  stm32g4xx_hal_spi.o
    0x08003bbe   0x08003bbe   0x00000002   PAD
    0x08003bc0   0x08003bc0   0x00000122   Code   RO         1467    .text.HAL_SPI_Transmit_DMA  stm32g4xx_hal_spi.o
    0x08003ce2   0x08003ce2   0x00000002   PAD
    0x08003ce4   0x08003ce4   0x00000002   Code   RO         1517    .text.HAL_SPI_TxCpltCallback  stm32g4xx_hal_spi.o
    0x08003ce6   0x08003ce6   0x00000002   PAD
    0x08003ce8   0x08003ce8   0x00000002   Code   RO         1523    .text.HAL_SPI_TxHalfCpltCallback  stm32g4xx_hal_spi.o
    0x08003cea   0x08003cea   0x00000002   PAD
    0x08003cec   0x08003cec   0x0000002c   Code   RO          903    .text.HAL_SYSTICK_Config  stm32g4xx_hal_cortex.o
    0x08003d18   0x08003d18   0x000000d4   Code   RO         1853    .text.HAL_TIMEx_ConfigBreakDeadTime  stm32g4xx_hal_tim_ex.o
    0x08003dec   0x08003dec   0x000000de   Code   RO         1851    .text.HAL_TIMEx_MasterConfigSynchronization  stm32g4xx_hal_tim_ex.o
    0x08003eca   0x08003eca   0x00000002   PAD
    0x08003ecc   0x08003ecc   0x00000062   Code   RO         1556    .text.HAL_TIM_Base_Init  stm32g4xx_hal_tim.o
    0x08003f2e   0x08003f2e   0x00000002   PAD
    0x08003f30   0x08003f30   0x00000074   Code   RO          243    .text.HAL_TIM_Base_MspInit  stm32g4xx_hal_msp.o
    0x08003fa4   0x08003fa4   0x00000220   Code   RO         1736    .text.HAL_TIM_ConfigClockSource  stm32g4xx_hal_tim.o
    0x080041c4   0x080041c4   0x000000b6   Code   RO         1670    .text.HAL_TIM_Encoder_Init  stm32g4xx_hal_tim.o
    0x0800427a   0x0800427a   0x00000002   PAD
    0x0800427c   0x0800427c   0x000000f6   Code   RO          241    .text.HAL_TIM_Encoder_MspInit  stm32g4xx_hal_msp.o
    0x08004372   0x08004372   0x00000002   PAD
    0x08004374   0x08004374   0x000000bc   Code   RO         1678    .text.HAL_TIM_Encoder_Start  stm32g4xx_hal_tim.o
    0x08004430   0x08004430   0x00000002   Code   RO         1756    .text.HAL_TIM_ErrorCallback  stm32g4xx_hal_tim.o
    0x08004432   0x08004432   0x00000002   PAD
    0x08004434   0x08004434   0x00000094   Code   RO          247    .text.HAL_TIM_MspPostInit  stm32g4xx_hal_msp.o
    0x080044c8   0x080044c8   0x000003fc   Code   RO         1710    .text.HAL_TIM_PWM_ConfigChannel  stm32g4xx_hal_tim.o
    0x080048c4   0x080048c4   0x00000062   Code   RO         1610    .text.HAL_TIM_PWM_Init  stm32g4xx_hal_tim.o
    0x08004926   0x08004926   0x00000002   PAD
    0x08004928   0x08004928   0x00000072   Code   RO          245    .text.HAL_TIM_PWM_MspInit  stm32g4xx_hal_msp.o
    0x0800499a   0x0800499a   0x00000002   PAD
    0x0800499c   0x0800499c   0x00000002   Code   RO         1696    .text.HAL_TIM_PWM_PulseFinishedCallback  stm32g4xx_hal_tim.o
    0x0800499e   0x0800499e   0x00000002   PAD
    0x080049a0   0x080049a0   0x00000002   Code   RO         1752    .text.HAL_TIM_PWM_PulseFinishedHalfCpltCallback  stm32g4xx_hal_tim.o
    0x080049a2   0x080049a2   0x00000002   PAD
    0x080049a4   0x080049a4   0x00000182   Code   RO         1618    .text.HAL_TIM_PWM_Start  stm32g4xx_hal_tim.o
    0x08004b26   0x08004b26   0x00000002   PAD
    0x08004b28   0x08004b28   0x00000302   Code   RO         1626    .text.HAL_TIM_PWM_Start_DMA  stm32g4xx_hal_tim.o
    0x08004e2a   0x08004e2a   0x00000002   PAD
    0x08004e2c   0x08004e2c   0x00000036   Code   RO         1408    .text.HAL_UARTEx_DisableFifoMode  stm32g4xx_hal_uart_ex.o
    0x08004e62   0x08004e62   0x00000002   PAD
    0x08004e64   0x08004e64   0x00000098   Code   RO         1418    .text.HAL_UARTEx_ReceiveToIdle_DMA  stm32g4xx_hal_uart_ex.o
    0x08004efc   0x08004efc   0x0000005e   Code   RO          144    .text.HAL_UARTEx_RxEventCallback  main.o
    0x08004f5a   0x08004f5a   0x00000002   PAD
    0x08004f5c   0x08004f5c   0x00000002   Code   RO         1394    .text.HAL_UARTEx_RxFifoFullCallback  stm32g4xx_hal_uart_ex.o
    0x08004f5e   0x08004f5e   0x00000002   PAD
    0x08004f60   0x08004f60   0x0000008c   Code   RO         1412    .text.HAL_UARTEx_SetRxFifoThreshold  stm32g4xx_hal_uart_ex.o
    0x08004fec   0x08004fec   0x0000008c   Code   RO         1410    .text.HAL_UARTEx_SetTxFifoThreshold  stm32g4xx_hal_uart_ex.o
    0x08005078   0x08005078   0x00000002   Code   RO         1396    .text.HAL_UARTEx_TxFifoEmptyCallback  stm32g4xx_hal_uart_ex.o
    0x0800507a   0x0800507a   0x00000002   PAD
    0x0800507c   0x0800507c   0x00000002   Code   RO         1392    .text.HAL_UARTEx_WakeupCallback  stm32g4xx_hal_uart_ex.o
    0x0800507e   0x0800507e   0x00000002   PAD
    0x08005080   0x08005080   0x00000002   Code   RO         1334    .text.HAL_UART_ErrorCallback  stm32g4xx_hal_uart.o
    0x08005082   0x08005082   0x00000002   PAD
    0x08005084   0x08005084   0x0000064e   Code   RO         1330    .text.HAL_UART_IRQHandler  stm32g4xx_hal_uart.o
    0x080056d2   0x080056d2   0x00000002   PAD
    0x080056d4   0x080056d4   0x00000064   Code   RO         1246    .text.HAL_UART_Init  stm32g4xx_hal_uart.o
    0x08005738   0x08005738   0x000001e0   Code   RO          233    .text.HAL_UART_MspInit  stm32g4xx_hal_msp.o
    0x08005918   0x08005918   0x00000002   Code   RO         1342    .text.HAL_UART_RxCpltCallback  stm32g4xx_hal_uart.o
    0x0800591a   0x0800591a   0x00000002   PAD
    0x0800591c   0x0800591c   0x00000002   Code   RO         1344    .text.HAL_UART_RxHalfCpltCallback  stm32g4xx_hal_uart.o
    0x0800591e   0x0800591e   0x00000002   PAD
    0x08005920   0x08005920   0x000000e8   Code   RO         1286    .text.HAL_UART_Transmit_DMA  stm32g4xx_hal_uart.o
    0x08005a08   0x08005a08   0x00000002   Code   RO         1338    .text.HAL_UART_TxCpltCallback  stm32g4xx_hal_uart.o
    0x08005a0a   0x08005a0a   0x00000002   PAD
    0x08005a0c   0x08005a0c   0x00000002   Code   RO         1340    .text.HAL_UART_TxHalfCpltCallback  stm32g4xx_hal_uart.o
    0x08005a0e   0x08005a0e   0x00000002   PAD
    0x08005a10   0x08005a10   0x00000002   Code   RO          178    .text.HardFault_Handler  stm32g4xx_it.o
    0x08005a12   0x08005a12   0x00000002   PAD
    0x08005a14   0x08005a14   0x0000015c   Code   RO         1216    .text.I2C_IsErrorOccurred  stm32g4xx_hal_i2c.o
    0x08005b70   0x08005b70   0x000000e4   Code   RO         1082    .text.I2C_WaitOnFlagUntilTimeout  stm32g4xx_hal_i2c.o
    0x08005c54   0x08005c54   0x000000d8   Code   RO         1090    .text.I2C_WaitOnRXNEFlagUntilTimeout  stm32g4xx_hal_i2c.o
    0x08005d2c   0x08005d2c   0x0000007c   Code   RO         1086    .text.I2C_WaitOnSTOPFlagUntilTimeout  stm32g4xx_hal_i2c.o
    0x08005da8   0x08005da8   0x00000098   Code   RO         1084    .text.I2C_WaitOnTXISFlagUntilTimeout  stm32g4xx_hal_i2c.o
    0x08005e40   0x08005e40   0x0000000c   Code   RO          212    .text.LPUART1_IRQHandler  stm32g4xx_it.o
    0x08005e4c   0x08005e4c   0x00000072   Code   RO         2017    .text.MX_USB_Device_Init  usb_device.o
    0x08005ebe   0x08005ebe   0x00000002   PAD
    0x08005ec0   0x08005ec0   0x00000002   Code   RO          180    .text.MemManage_Handler  stm32g4xx_it.o
    0x08005ec2   0x08005ec2   0x00000002   PAD
    0x08005ec4   0x08005ec4   0x00000002   Code   RO          176    .text.NMI_Handler   stm32g4xx_it.o
    0x08005ec6   0x08005ec6   0x00000002   PAD
    0x08005ec8   0x08005ec8   0x00000002   Code   RO          190    .text.PendSV_Handler  stm32g4xx_it.o
    0x08005eca   0x08005eca   0x00000002   PAD
    0x08005ecc   0x08005ecc   0x0000001e   Code   RO         1473    .text.SPI_DMAError  stm32g4xx_hal_spi.o
    0x08005eea   0x08005eea   0x00000002   PAD
    0x08005eec   0x08005eec   0x00000006   Code   RO         1469    .text.SPI_DMAHalfTransmitCplt  stm32g4xx_hal_spi.o
    0x08005ef2   0x08005ef2   0x00000002   PAD
    0x08005ef4   0x08005ef4   0x000000a0   Code   RO         1471    .text.SPI_DMATransmitCplt  stm32g4xx_hal_spi.o
    0x08005f94   0x08005f94   0x0000017e   Code   RO         1493    .text.SPI_WaitFifoStateUntilTimeout  stm32g4xx_hal_spi.o
    0x08006112   0x08006112   0x00000002   PAD
    0x08006114   0x08006114   0x000000ce   Code   RO         1495    .text.SPI_WaitFlagStateUntilTimeout  stm32g4xx_hal_spi.o
    0x080061e2   0x080061e2   0x00000002   PAD
    0x080061e4   0x080061e4   0x000000ca   Code   RO           62    .text.ST7789_DrawImage  st7789.o
    0x080062ae   0x080062ae   0x00000002   PAD
    0x080062b0   0x080062b0   0x00000670   Code   RO           44    .text.ST7789_Init   st7789.o
    0x08006920   0x08006920   0x0000019a   Code   RO           48    .text.ST7789_SetAddressWindow  st7789.o
    0x08006aba   0x08006aba   0x00000002   PAD
    0x08006abc   0x08006abc   0x00000168   Code   RO           66    .text.ST7789_WriteChar  st7789.o
    0x08006c24   0x08006c24   0x0000006c   Code   RO           68    .text.ST7789_WriteString  st7789.o
    0x08006c90   0x08006c90   0x00000002   Code   RO          186    .text.SVC_Handler   stm32g4xx_it.o
    0x08006c92   0x08006c92   0x00000002   PAD
    0x08006c94   0x08006c94   0x00000004   Code   RO          192    .text.SysTick_Handler  stm32g4xx_it.o
    0x08006c98   0x08006c98   0x00000070   Code   RO          140    .text.SystemClock_Config  main.o
    0x08006d08   0x08006d08   0x00000012   Code   RO         1930    .text.SystemInit    system_stm32g4xx.o
    0x08006d1a   0x08006d1a   0x00000002   PAD
    0x08006d1c   0x08006d1c   0x00000152   Code   RO         1560    .text.TIM_Base_SetConfig  stm32g4xx_hal_tim.o
    0x08006e6e   0x08006e6e   0x00000002   PAD
    0x08006e70   0x08006e70   0x0000006a   Code   RO         1604    .text.TIM_DMADelayPulseCplt  stm32g4xx_hal_tim.o
    0x08006eda   0x08006eda   0x00000002   PAD
    0x08006edc   0x08006edc   0x00000038   Code   RO         1606    .text.TIM_DMADelayPulseHalfCplt  stm32g4xx_hal_tim.o
    0x08006f14   0x08006f14   0x0000005e   Code   RO         1580    .text.TIM_DMAError  stm32g4xx_hal_tim.o
    0x08006f72   0x08006f72   0x00000002   PAD
    0x08006f74   0x08006f74   0x000000e6   Code   RO         1250    .text.UART_AdvFeatureConfig  stm32g4xx_hal_uart.o
    0x0800705a   0x0800705a   0x00000002   PAD
    0x0800705c   0x0800705c   0x0000016a   Code   RO         1254    .text.UART_CheckIdleState  stm32g4xx_hal_uart.o
    0x080071c6   0x080071c6   0x00000002   PAD
    0x080071c8   0x080071c8   0x0000000c   Code   RO         1332    .text.UART_DMAAbortOnError  stm32g4xx_hal_uart.o
    0x080071d4   0x080071d4   0x000001da   Code   RO         1292    .text.UART_DMAError  stm32g4xx_hal_uart.o
    0x080073ae   0x080073ae   0x00000002   PAD
    0x080073b0   0x080073b0   0x00000164   Code   RO         1376    .text.UART_DMAReceiveCplt  stm32g4xx_hal_uart.o
    0x08007514   0x08007514   0x0000001a   Code   RO         1378    .text.UART_DMARxHalfCplt  stm32g4xx_hal_uart.o
    0x0800752e   0x0800752e   0x00000002   PAD
    0x08007530   0x08007530   0x000000b0   Code   RO         1288    .text.UART_DMATransmitCplt  stm32g4xx_hal_uart.o
    0x080075e0   0x080075e0   0x00000006   Code   RO         1290    .text.UART_DMATxHalfCplt  stm32g4xx_hal_uart.o
    0x080075e6   0x080075e6   0x00000002   PAD
    0x080075e8   0x080075e8   0x000002b4   Code   RO         1252    .text.UART_SetConfig  stm32g4xx_hal_uart.o
    0x0800789c   0x0800789c   0x00000146   Code   RO         1296    .text.UART_Start_Receive_DMA  stm32g4xx_hal_uart.o
    0x080079e2   0x080079e2   0x00000002   PAD
    0x080079e4   0x080079e4   0x00000336   Code   RO         1268    .text.UART_WaitOnFlagUntilTimeout  stm32g4xx_hal_uart.o
    0x08007d1a   0x08007d1a   0x00000002   PAD
    0x08007d1c   0x08007d1c   0x0000000c   Code   RO          210    .text.USART1_IRQHandler  stm32g4xx_it.o
    0x08007d28   0x08007d28   0x00000024   Code   RO         2036    .text.USBD_CDC_ConfigStrDescriptor  usbd_desc.o
    0x08007d4c   0x08007d4c   0x0000006e   Code   RO         2175    .text.USBD_CDC_DataIn  usbd_cdc.o
    0x08007dba   0x08007dba   0x00000002   PAD
    0x08007dbc   0x08007dbc   0x0000002c   Code   RO         2177    .text.USBD_CDC_DataOut  usbd_cdc.o
    0x08007de8   0x08007de8   0x00000042   Code   RO         2169    .text.USBD_CDC_DeInit  usbd_cdc.o
    0x08007e2a   0x08007e2a   0x00000002   PAD
    0x08007e2c   0x08007e2c   0x0000000e   Code   RO         2026    .text.USBD_CDC_DeviceDescriptor  usbd_desc.o
    0x08007e3a   0x08007e3a   0x00000002   PAD
    0x08007e3c   0x08007e3c   0x00000030   Code   RO         2173    .text.USBD_CDC_EP0_RxReady  usbd_cdc.o
    0x08007e6c   0x08007e6c   0x00000010   Code   RO         2185    .text.USBD_CDC_GetDeviceQualifierDescriptor  usbd_cdc.o
    0x08007e7c   0x08007e7c   0x00000010   Code   RO         2181    .text.USBD_CDC_GetFSCfgDesc  usbd_cdc.o
    0x08007e8c   0x08007e8c   0x00000010   Code   RO         2179    .text.USBD_CDC_GetHSCfgDesc  usbd_cdc.o
    0x08007e9c   0x08007e9c   0x00000010   Code   RO         2183    .text.USBD_CDC_GetOtherSpeedCfgDesc  usbd_cdc.o
    0x08007eac   0x08007eac   0x00000098   Code   RO         2167    .text.USBD_CDC_Init  usbd_cdc.o
    0x08007f44   0x08007f44   0x00000028   Code   RO         2038    .text.USBD_CDC_InterfaceStrDescriptor  usbd_desc.o
    0x08007f6c   0x08007f6c   0x0000000e   Code   RO         2028    .text.USBD_CDC_LangIDStrDescriptor  usbd_desc.o
    0x08007f7a   0x08007f7a   0x00000002   PAD
    0x08007f7c   0x08007f7c   0x0000002c   Code   RO         2030    .text.USBD_CDC_ManufacturerStrDescriptor  usbd_desc.o
    0x08007fa8   0x08007fa8   0x00000030   Code   RO         2032    .text.USBD_CDC_ProductStrDescriptor  usbd_desc.o
    0x08007fd8   0x08007fd8   0x0000002c   Code   RO         2195    .text.USBD_CDC_ReceivePacket  usbd_cdc.o
    0x08008004   0x08008004   0x0000000e   Code   RO         2187    .text.USBD_CDC_RegisterInterface  usbd_cdc.o
    0x08008012   0x08008012   0x00000002   PAD
    0x08008014   0x08008014   0x00000170   Code   RO         2034    .text.USBD_CDC_SerialStrDescriptor  usbd_desc.o
    0x08008184   0x08008184   0x00000012   Code   RO         2191    .text.USBD_CDC_SetRxBuffer  usbd_cdc.o
    0x08008196   0x08008196   0x00000002   PAD
    0x08008198   0x08008198   0x00000016   Code   RO         2189    .text.USBD_CDC_SetTxBuffer  usbd_cdc.o
    0x080081ae   0x080081ae   0x00000002   PAD
    0x080081b0   0x080081b0   0x000000d8   Code   RO         2171    .text.USBD_CDC_Setup  usbd_cdc.o
    0x08008288   0x08008288   0x00000014   Code   RO         2090    .text.USBD_ClrClassConfig  usbd_core.o
    0x0800829c   0x0800829c   0x00000010   Code   RO         2151    .text.USBD_CtlContinueRx  usbd_ioreq.o
    0x080082ac   0x080082ac   0x00000010   Code   RO         2147    .text.USBD_CtlContinueSendData  usbd_ioreq.o
    0x080082bc   0x080082bc   0x00000016   Code   RO         2126    .text.USBD_CtlError  usbd_ctlreq.o
    0x080082d2   0x080082d2   0x00000002   PAD
    0x080082d4   0x080082d4   0x0000001a   Code   RO         2149    .text.USBD_CtlPrepareRx  usbd_ioreq.o
    0x080082ee   0x080082ee   0x00000002   PAD
    0x080082f0   0x080082f0   0x00000016   Code   RO         2155    .text.USBD_CtlReceiveStatus  usbd_ioreq.o
    0x08008306   0x08008306   0x00000002   PAD
    0x08008308   0x08008308   0x0000001a   Code   RO         2145    .text.USBD_CtlSendData  usbd_ioreq.o
    0x08008322   0x08008322   0x00000002   PAD
    0x08008324   0x08008324   0x00000016   Code   RO         2153    .text.USBD_CtlSendStatus  usbd_ioreq.o
    0x0800833a   0x0800833a   0x00000002   PAD
    0x0800833c   0x0800833c   0x000000da   Code   RO         2134    .text.USBD_GetString  usbd_ctlreq.o
    0x08008416   0x08008416   0x00000002   PAD
    0x08008418   0x08008418   0x0000002a   Code   RO         2076    .text.USBD_Init     usbd_core.o
    0x08008442   0x08008442   0x00000002   PAD
    0x08008444   0x08008444   0x00000022   Code   RO         1987    .text.USBD_LL_ClearStallEP  usbd_conf.o
    0x08008466   0x08008466   0x00000002   PAD
    0x08008468   0x08008468   0x00000022   Code   RO         1981    .text.USBD_LL_CloseEP  usbd_conf.o
    0x0800848a   0x0800848a   0x00000002   PAD
    0x0800848c   0x0800848c   0x000000a8   Code   RO         2096    .text.USBD_LL_DataInStage  usbd_core.o
    0x08008534   0x08008534   0x00000066   Code   RO         2094    .text.USBD_LL_DataOutStage  usbd_core.o
    0x0800859a   0x0800859a   0x00000002   PAD
    0x0800859c   0x0800859c   0x00000008   Code   RO         1997    .text.USBD_LL_GetRxDataSize  usbd_conf.o
    0x080085a4   0x080085a4   0x00000086   Code   RO         1971    .text.USBD_LL_Init  usbd_conf.o
    0x0800862a   0x0800862a   0x00000002   PAD
    0x0800862c   0x0800862c   0x0000002a   Code   RO         1989    .text.USBD_LL_IsStallEP  usbd_conf.o
    0x08008656   0x08008656   0x00000002   PAD
    0x08008658   0x08008658   0x00000028   Code   RO         1979    .text.USBD_LL_OpenEP  usbd_conf.o
    0x08008680   0x08008680   0x00000022   Code   RO         1995    .text.USBD_LL_PrepareReceive  usbd_conf.o
    0x080086a2   0x080086a2   0x00000002   PAD
    0x080086a4   0x080086a4   0x00000068   Code   RO         2098    .text.USBD_LL_Reset  usbd_core.o
    0x0800870c   0x0800870c   0x00000014   Code   RO         2104    .text.USBD_LL_Resume  usbd_core.o
    0x08008720   0x08008720   0x00000024   Code   RO         2106    .text.USBD_LL_SOF   usbd_core.o
    0x08008744   0x08008744   0x00000008   Code   RO         2100    .text.USBD_LL_SetSpeed  usbd_core.o
    0x0800874c   0x0800874c   0x00000022   Code   RO         1991    .text.USBD_LL_SetUSBAddress  usbd_conf.o
    0x0800876e   0x0800876e   0x00000002   PAD
    0x08008770   0x08008770   0x00000062   Code   RO         2092    .text.USBD_LL_SetupStage  usbd_core.o
    0x080087d2   0x080087d2   0x00000002   PAD
    0x080087d4   0x080087d4   0x00000022   Code   RO         1985    .text.USBD_LL_StallEP  usbd_conf.o
    0x080087f6   0x080087f6   0x00000002   PAD
    0x080087f8   0x080087f8   0x00000022   Code   RO         1975    .text.USBD_LL_Start  usbd_conf.o
    0x0800881a   0x0800881a   0x00000002   PAD
    0x0800881c   0x0800881c   0x00000014   Code   RO         2102    .text.USBD_LL_Suspend  usbd_core.o
    0x08008830   0x08008830   0x00000022   Code   RO         1993    .text.USBD_LL_Transmit  usbd_conf.o
    0x08008852   0x08008852   0x00000002   PAD
    0x08008854   0x08008854   0x00000016   Code   RO         2132    .text.USBD_ParseSetupRequest  usbd_ctlreq.o
    0x0800886a   0x0800886a   0x00000002   PAD
    0x0800886c   0x0800886c   0x0000002e   Code   RO         2080    .text.USBD_RegisterClass  usbd_core.o
    0x0800889a   0x0800889a   0x00000002   PAD
    0x0800889c   0x0800889c   0x00000010   Code   RO         2088    .text.USBD_SetClassConfig  usbd_core.o
    0x080088ac   0x080088ac   0x00000004   Code   RO         2082    .text.USBD_Start    usbd_core.o
    0x080088b0   0x080088b0   0x00000374   Code   RO         2124    .text.USBD_StdDevReq  usbd_ctlreq.o
    0x08008c24   0x08008c24   0x00000144   Code   RO         2130    .text.USBD_StdEPReq  usbd_ctlreq.o
    0x08008d68   0x08008d68   0x00000062   Code   RO         2128    .text.USBD_StdItfReq  usbd_ctlreq.o
    0x08008dca   0x08008dca   0x00000002   PAD
    0x08008dcc   0x08008dcc   0x00000002   Code   RO         2005    .text.USBD_static_free  usbd_conf.o
    0x08008dce   0x08008dce   0x00000002   PAD
    0x08008dd0   0x08008dd0   0x0000000a   Code   RO         2003    .text.USBD_static_malloc  usbd_conf.o
    0x08008dda   0x08008dda   0x00000002   PAD
    0x08008ddc   0x08008ddc   0x00000322   Code   RO          388    .text.USB_ActivateEndpoint  stm32g4xx_ll_usb.o
    0x080090fe   0x080090fe   0x00000002   PAD
    0x08009100   0x08009100   0x000000e2   Code   RO          390    .text.USB_DeactivateEndpoint  stm32g4xx_ll_usb.o
    0x080091e2   0x080091e2   0x00000002   PAD
    0x080091e4   0x080091e4   0x00000012   Code   RO          406    .text.USB_DevConnect  stm32g4xx_ll_usb.o
    0x080091f6   0x080091f6   0x00000002   PAD
    0x080091f8   0x080091f8   0x0000001a   Code   RO          382    .text.USB_DevInit   stm32g4xx_ll_usb.o
    0x08009212   0x08009212   0x00000002   PAD
    0x08009214   0x08009214   0x00000014   Code   RO          378    .text.USB_DisableGlobalInt  stm32g4xx_ll_usb.o
    0x08009228   0x08009228   0x00000078   Code   RO          398    .text.USB_EPClearStall  stm32g4xx_ll_usb.o
    0x080092a0   0x080092a0   0x00000032   Code   RO          396    .text.USB_EPSetStall  stm32g4xx_ll_usb.o
    0x080092d2   0x080092d2   0x00000002   PAD
    0x080092d4   0x080092d4   0x0000067e   Code   RO          392    .text.USB_EPStartXfer  stm32g4xx_ll_usb.o
    0x08009952   0x08009952   0x00000002   PAD
    0x08009954   0x08009954   0x00000012   Code   RO          376    .text.USB_EnableGlobalInt  stm32g4xx_ll_usb.o
    0x08009966   0x08009966   0x00000002   PAD
    0x08009968   0x08009968   0x0000000c   Code   RO          208    .text.USB_LP_IRQHandler  stm32g4xx_it.o
    0x08009974   0x08009974   0x00000006   Code   RO          410    .text.USB_ReadInterrupts  stm32g4xx_ll_usb.o
    0x0800997a   0x0800997a   0x00000002   PAD
    0x0800997c   0x0800997c   0x0000009c   Code   RO          416    .text.USB_ReadPMA   stm32g4xx_ll_usb.o
    0x08009a18   0x08009a18   0x0000000e   Code   RO          404    .text.USB_SetDevAddress  stm32g4xx_ll_usb.o
    0x08009a26   0x08009a26   0x00000002   PAD
    0x08009a28   0x08009a28   0x00000096   Code   RO          394    .text.USB_WritePMA  stm32g4xx_ll_usb.o
    0x08009abe   0x08009abe   0x00000002   PAD
    0x08009ac0   0x08009ac0   0x00000002   Code   RO          184    .text.UsageFault_Handler  stm32g4xx_it.o
    0x08009ac2   0x08009ac2   0x00000002   PAD
    0x08009ac4   0x08009ac4   0x00000054   Code   RO           96    .text.View_DoubaoWelcome  views.o
    0x08009b18   0x08009b18   0x00000056   Code   RO          107    .text.WS2812_Set_All  ws2812.o
    0x08009b6e   0x08009b6e   0x00000002   PAD
    0x08009b70   0x08009b70   0x0000001a   Code   RO          109    .text.WS2812_Update  ws2812.o
    0x08009b8a   0x08009b8a   0x00000002   PAD
    0x08009b8c   0x08009b8c   0x0000013e   Code   RO          105    .text.WS2812_Write_Data  ws2812.o
    0x08009cca   0x08009cca   0x00000002   PAD
    0x08009ccc   0x08009ccc   0x00000998   Code   RO          138    .text.main          main.o
    0x0800a664   0x0800a664   0x0000001a   Code   RO         2332    x$fpl$fpinit        fz_wm.l(fpinit.o)
    0x0800a67e   0x0800a67e   0x00000010   Data   RO         1935    .rodata.AHBPrescTable  system_stm32g4xx.o
    0x0800a68e   0x0800a68e   0x00000008   Data   RO         1936    .rodata.APBPrescTable  system_stm32g4xx.o
    0x0800a696   0x0800a696   0x00000280   Data   RO           16    .rodata.HanArray32  fonts.o
    0x0800a916   0x0800a916   0x00000018   Data   RO         1380    .rodata.UARTPrescTable  stm32g4xx_hal_uart.o
    0x0800a92e   0x0800a92e   0x00000002   PAD
    0x0800a930   0x0800a930   0x00000010   Data   RO         1381    .rodata.cst16       stm32g4xx_hal_uart.o
    0x0800a940   0x0800a940   0x00000010   Data   RO         1422    .rodata.cst8        stm32g4xx_hal_uart_ex.o
    0x0800a950   0x0800a950   0x0000c800   Data   RO           11    .rodata.doubao      fonts.o
    0x08017150   0x08017150   0x00000020   Data   RO         2393    Region$$Table       anon$$obj.o


    Execution Region RW_IRAM1 (Exec base: 0x20000000, Load base: 0x08017170, Size: 0x000038f8, Max: 0x00020000, ABSOLUTE, COMPRESSED[0x000000d0])

    Exec Addr    Load Addr    Size         Type   Attr      Idx    E Section Name        Object

    0x20000000   COMPRESSED   0x00000008   Data   RW          503    .data..L_MergedGlobals  stm32g4xx_hal.o
    0x20000008   COMPRESSED   0x00000020   Data   RW         2040    .data.CDC_Desc      usbd_desc.o
    0x20000028   COMPRESSED   0x00000002   Data   RW           82    .data.DMA_MIN_SIZE  st7789.o
    0x2000002a   COMPRESSED   0x00000002   PAD
    0x2000002c   COMPRESSED   0x00000008   Data   RW           17    .data.Han_Array32   fonts.o
    0x20000034   COMPRESSED   0x00000004   Data   RW         1934    .data.SystemCoreClock  system_stm32g4xx.o
    0x20000038   COMPRESSED   0x00000038   Data   RW         2197    .data.USBD_CDC      usbd_cdc.o
    0x20000070   COMPRESSED   0x00000043   Data   RW         2199    .data.USBD_CDC_CfgFSDesc  usbd_cdc.o
    0x200000b3   COMPRESSED   0x00000001   PAD
    0x200000b4   COMPRESSED   0x00000043   Data   RW         2200    .data.USBD_CDC_CfgHSDesc  usbd_cdc.o
    0x200000f7   COMPRESSED   0x00000001   PAD
    0x200000f8   COMPRESSED   0x00000012   Data   RW         2041    .data.USBD_CDC_DeviceDesc  usbd_desc.o
    0x2000010a   COMPRESSED   0x00000002   PAD
    0x2000010c   COMPRESSED   0x0000000a   Data   RW         2198    .data.USBD_CDC_DeviceQualifierDesc  usbd_cdc.o
    0x20000116   COMPRESSED   0x00000002   PAD
    0x20000118   COMPRESSED   0x00000043   Data   RW         2201    .data.USBD_CDC_OtherSpeedCfgDesc  usbd_cdc.o
    0x2000015b   COMPRESSED   0x00000001   PAD
    0x2000015c   COMPRESSED   0x00000014   Data   RW         2065    .data.USBD_Interface_fops_FS  usbd_cdc_if.o
    0x20000170   COMPRESSED   0x00000004   Data   RW         2042    .data.USBD_LangIDDesc  usbd_desc.o
    0x20000174   COMPRESSED   0x0000001a   Data   RW         2043    .data.USBD_StringSerial  usbd_desc.o
    0x2000018e   COMPRESSED   0x00000002   PAD
    0x20000190        -       0x00000060   Zero   RW         2258    .bss                c_w.l(libspace.o)
    0x200001f0        -       0x00000054   Zero   RW          167    .bss..L_MergedGlobals  main.o
    0x20000244        -       0x00000100   Zero   RW          146    .bss.BLE_rx_data    main.o
    0x20000344        -       0x00000001   Zero   RW         2136    .bss.USBD_SetConfig.cfgidx  usbd_ctlreq.o
    0x20000345   COMPRESSED   0x00000003   PAD
    0x20000348        -       0x00000200   Zero   RW         2044    .bss.USBD_StrDesc   usbd_desc.o
    0x20000548        -       0x00000220   Zero   RW         2008    .bss.USBD_static_malloc.mem  usbd_conf.o
    0x20000768        -       0x00000800   Zero   RW         2066    .bss.UserRxBufferFS  usbd_cdc_if.o
    0x20000f68        -       0x00000800   Zero   RW         2067    .bss.UserTxBufferFS  usbd_cdc_if.o
    0x20001768        -       0x00000210   Zero   RW          115    .bss.WS2812_Buf     ws2812.o
    0x20001978        -       0x00000c80   Zero   RW           84    .bss.disp_buf       st7789.o
    0x200025f8        -       0x000002d0   Zero   RW         2019    .bss.hUsbDeviceFS   usb_device.o
    0x200028c8        -       0x0000006c   Zero   RW          152    .bss.hadc1          main.o
    0x20002934        -       0x0000006c   Zero   RW          153    .bss.hadc3          main.o
    0x200029a0        -       0x00000060   Zero   RW          156    .bss.hdma_i2c3_rx   main.o
    0x20002a00        -       0x00000060   Zero   RW          155    .bss.hdma_i2c3_tx   main.o
    0x20002a60        -       0x00000060   Zero   RW          157    .bss.hdma_lpuart1_rx  main.o
    0x20002ac0        -       0x00000060   Zero   RW          158    .bss.hdma_lpuart1_tx  main.o
    0x20002b20        -       0x00000060   Zero   RW          163    .bss.hdma_spi3_tx   main.o
    0x20002b80        -       0x00000060   Zero   RW          165    .bss.hdma_tim20_ch3  main.o
    0x20002be0        -       0x00000060   Zero   RW          159    .bss.hdma_usart1_rx  main.o
    0x20002c40        -       0x00000060   Zero   RW          160    .bss.hdma_usart1_tx  main.o
    0x20002ca0        -       0x00000054   Zero   RW          154    .bss.hi2c3          main.o
    0x20002cf4        -       0x00000094   Zero   RW          151    .bss.hlpuart1       main.o
    0x20002d88        -       0x000002dc   Zero   RW         2007    .bss.hpcd_USB_FS    usbd_conf.o
    0x20003064        -       0x00000064   Zero   RW          161    .bss.hspi1          main.o
    0x200030c8        -       0x00000064   Zero   RW          162    .bss.hspi3          main.o
    0x2000312c        -       0x0000004c   Zero   RW          164    .bss.htim20         main.o
    0x20003178        -       0x0000004c   Zero   RW          147    .bss.htim3          main.o
    0x200031c4        -       0x0000004c   Zero   RW          148    .bss.htim4          main.o
    0x20003210        -       0x0000004c   Zero   RW          150    .bss.htim8          main.o
    0x2000325c        -       0x00000094   Zero   RW          149    .bss.huart1         main.o
    0x200032f0        -       0x00000004   Zero   RW          502    .bss.uwTick         stm32g4xx_hal.o
    0x200032f4   COMPRESSED   0x00000004   PAD
    0x200032f8        -       0x00000200   Zero   RW            2    HEAP                startup_stm32g474xx.o
    0x200034f8        -       0x00000400   Zero   RW            1    STACK               startup_stm32g474xx.o


==============================================================================

Image component sizes


      Code (inc. data)   RO Data    RW Data    ZI Data      Debug   Object Name

       274         16          0          0          0       2136   aht20.o
         0          0      51840          8          0       1007   fonts.o
      2672          0          0          0       2208      24983   main.o
      2728          0          0          2       3200      50868   st7789.o
        64         26        472          0       1536        844   startup_stm32g474xx.o
       188          0          0          8          4       9595   stm32g4xx_hal.o
      1548          0          0          0          0      28631   stm32g4xx_hal_adc.o
       308          0          0          0          0      23816   stm32g4xx_hal_adc_ex.o
       196          0          0          0          0      11093   stm32g4xx_hal_cortex.o
       922          0          0          0          0       9159   stm32g4xx_hal_dma.o
       446          0          0          0          0       5241   stm32g4xx_hal_gpio.o
      2140          0          0          0          0      61906   stm32g4xx_hal_i2c.o
       146          0          0          0          0       6564   stm32g4xx_hal_i2c_ex.o
      2006          0          0          0          0      20254   stm32g4xx_hal_msp.o
      3372          0          0          0          0      16267   stm32g4xx_hal_pcd.o
       118          0          0          0          0       5690   stm32g4xx_hal_pcd_ex.o
       288          0          0          0          0       9100   stm32g4xx_hal_pwr_ex.o
      2132          0          0          0          0      10053   stm32g4xx_hal_rcc.o
       726          0          0          0          0      11137   stm32g4xx_hal_rcc_ex.o
      1902          0          0          0          0      26208   stm32g4xx_hal_spi.o
      3886         34          0          0          0      62886   stm32g4xx_hal_tim.o
       434          0          0          0          0      30433   stm32g4xx_hal_tim_ex.o
      5438         48         40          0          0      41766   stm32g4xx_hal_uart.o
       492          0         16          0          0      11217   stm32g4xx_hal_uart_ex.o
       152          0          0          0          0       7879   stm32g4xx_it.o
      3268          6          0          0          0      20050   stm32g4xx_ll_usb.o
        18          0         24          4          0       2788   system_stm32g4xx.o
       114          0          0          0        720       3105   usb_device.o
       798         12          0        267          0      10608   usbd_cdc.o
        84          0          0         20       4096       4827   usbd_cdc_if.o
       836          0          0          0       1276      19545   usbd_conf.o
       684          0          0          0          0       8628   usbd_core.o
      1568         36          0          0          1      10750   usbd_ctlreq.o
       564         72          0         80        512       4231   usbd_desc.o
       128          0          0          0          0       4653   usbd_ioreq.o
        84         12          0          0          0        753   views.o
       430          0          0          0        528       6707   ws2812.o

    ----------------------------------------------------------------------
     41416        262      52426        400      14088     585378   Object Totals
         0          0         32          0          0          0   (incl. Generated)
       262          0          2         11          7          0   (incl. Padding)

    ----------------------------------------------------------------------

      Code (inc. data)   RO Data    RW Data    ZI Data      Debug   Library Member Name

        90          0          0          0          0          0   __dczerorl2.o
         8          0          0          0          0         68   __main.o
         0          0          0          0          0          0   __rtentry.o
        12          0          0          0          0          0   __rtentry2.o
         6          0          0          0          0          0   __rtentry4.o
        94          8          0          0          0          0   __scatter.o
        28          0          0          0          0          0   __scatter_zi.o
        18          0          0          0          0         80   exit.o
         6          0          0          0          0        152   heapauxi.o
         0          0          0          0          0          0   indicate_semi.o
         2          0          0          0          0          0   libinit.o
         6          0          0          0          0          0   libinit2.o
         2          0          0          0          0          0   libshutdown.o
         2          0          0          0          0          0   libshutdown2.o
         8          4          0          0         96         68   libspace.o
       240          0          0          0          0        100   lludivv7m.o
        78          0          0          0          0         80   rt_memclr_w.o
         2          0          0          0          0          0   rtexit.o
        10          0          0          0          0          0   rtexit2.o
        12          4          0          0          0         68   sys_exit.o
        74          0          0          0          0         80   sys_stackheap_outer.o
         2          0          0          0          0         68   use_no_semi.o
        26          0          0          0          0        116   fpinit.o

    ----------------------------------------------------------------------
       734         16          0          0         96        880   Library Totals
         8          0          0          0          0          0   (incl. Padding)

    ----------------------------------------------------------------------

      Code (inc. data)   RO Data    RW Data    ZI Data      Debug   Library Name

       700         16          0          0         96        764   c_w.l
        26          0          0          0          0        116   fz_wm.l

    ----------------------------------------------------------------------
       734         16          0          0         96        880   Library Totals

    ----------------------------------------------------------------------

==============================================================================


      Code (inc. data)   RO Data    RW Data    ZI Data      Debug   

     42150        278      52426        400      14184     585386   Grand Totals
     42150        278      52426        208      14184     585386   ELF Image Totals (compressed)
     42150        278      52426        208          0          0   ROM Totals

==============================================================================

    Total RO  Size (Code + RO Data)                94576 (  92.36kB)
    Total RW  Size (RW Data + ZI Data)             14584 (  14.24kB)
    Total ROM Size (Code + RO Data + RW Data)      94784 (  92.56kB)

==============================================================================

